SQL> CREATE TABLE DEPARTAMENTO
  2  (CD NUMBER(2) PRIMARY KEY,
  3  D VARCHAR2(60));

Table created.

SQL> CREATE TABLE AREA
  2  (CAR NUMBER(2) PRIMARY KEY,
  3  AR VARCHAR2(60),
  4  CD NUMBER(2) REFERENCES DEPARTAMENTO ON DELETE CASCADE);

Table created.

SQL> CREATE TABLE PROFESOR
  2  (DNI NUMBER(8) PRIMARY KEY,
  3  P VARCHAR2(60),
  4  CAR NUMBER(3),
  5  CAT VARCHAR2(5),
  6  FOREING KEY (CAR) REFERENCES AREA ON DELETE SET NULL);
FOREING KEY (CAR) REFERENCES AREA ON DELETE SET NULL)
            *
ERROR at line 6:
ORA-00907: missing right parenthesis 


SQL> SELECT *
  2  FROM PROFESOR;
FROM PROFESOR
     *
ERROR at line 2:
ORA-00942: table or view does not exist 


SQL> CREATE TABLE PROFESOR
  2  (DNI NUMBER(8) PRIMARY KEY,
  3  P VARCHAR2(60),
  4  CAR NUMBER(3),
  5  CAT VARCHAR2(5),
  6  FOREIGN KEY (CAR) REFERENCES AREA ON DELETE SET NULL);

Table created.

SQL> CREATE TABLE ASIGNATURA
  2  (CAS NUMBER(3) PRIMARY KEY,
  3  A VARCHAR2(50) NOT NULL,
  4  T CHAR(4) NOT NULL,
  5  CUR NUMBER(1) CHECK (CUR BETWEEN 1 AND 5),
  6  CAR NUMBER(3) REFERENCES AREA ON DELETE SET NULL,
  7  CT NUMBER(3,1) DEFAULT 0.0,
  8  CP NUMBER(3,1) DEFAULT 0.0,
  9  CL NUMBER(3,1) DEFAULT 0.0);

Table created.

SQL> CREATE TABLE PLAN_DOCENTE
  2  (DNI NUMBER(8),
  3  CAS NUMBER (3),
  4  CTA NUMBER(3,1) DEFAULT 0.0,
  5  CPA NUMBER(3,1) DEFAULT 0.0,
  6  CLA NUMBER(3,1) DEFAULT 0.0,
  7  FI DATE DEFAULT SYSDATE,
  8  FF DATE,
  9  PRIMARY KEY (DNI, CAS, FI),
 10  FOREIGN KEY (CAS) REFERENCES ASIGNATURA ON DELETE CASCADE,
 11  FOREIGN KEY (DNI) REFERENCES PROFESOR ON DELETE CASCADE,
 12  CHECK (FF >= FI));

Table created.

SQL> INSERT INTO DEPARTAMENTO
  2  VALUES(1,'ANALISIS MATEMATICO');

1 row created.

SQL> INSERT INTO DEPARTAMENTO
  2  VALUES(2, 'ASTROFISICA');

1 row created.

SQL> INSERT INTO DEPARTAMENTO
  2  VALUES(3, 'ESTADC
  3  STICA, INVESTIGACICC
  4  ;
ERROR:
ORA-01756: quoted string not properly terminated 


SQL> INSERT INTO DEPARTAMENTO
  2  VALUES(3, 'ESTADISTICA, INVESTIGACION OPERATIVA Y COMPUTACION');

1 row created.

SQL> SELECT *
  2  FROM DEPARTAMENTO;

        CD D                                                                    
---------- ------------------------------------------------------------         
         1 ANALISIS MATEMATICO                                                  
         2 ASTROFISICA                                                          
         3 ESTADISTICA, INVESTIGACION OPERATIVA Y COMPUTACION                   

SQL> INSERT INTO DEPARTAMENTO
  2  VALUES(4, 'MATEMATICA FUNDAMENTAL');

1 row created.

SQL> INSERT INTO AREA
  2  VALUES(1, 'ALGEBRA', 4);

1 row created.

SQL> INSERT INTO AREA
  2  VALUES(2, 'ANALISIS MATEMATICO', 1);

1 row created.

SQL> INSERT INTO AREA
  2  VALUES(3, 'ASTRONOMIA Y ASTROFISICA', 2);

1 row created.

SQL> INSERT INTO AREA
  2  VALUES(4, 'CIENCIAS DE LA COMPUTACION E INTELIGENCIA ARTIFICIAL', 3);

1 row created.

SQL> INSERT INTO AREA
  2  VALUES(5, 'DIDACTICA DE LA MATEMATICA', 1);

1 row created.

SQL> INSERT INTO AREA
  2  VALUES(6, 'ESTADISTICA E INVESTIGACION OPERATIVA', 3);

1 row created.

SQL> VALUES(7, 'LENGUAJES Y SISTEMAS INFORMATICOS', 3);
SP2-0734: unknown command beginning "VALUES(7, ..." - rest of line ignored.
SQL> VALUES(8, 'MATEMATICA APLICADA', 1);
SP2-0734: unknown command beginning "VALUES(8, ..." - rest of line ignored.
SQL> INSERT INTO AREA
  2  VALUES(7, 'LENGUAJES Y SISTEMAS INFORMATICOS', 3);

1 row created.

SQL> INSERT INTO AREA
  2  VALUES(8, 'MATEMATICA APLICADA', 1);

1 row created.

SQL> SELECT *
  2  FROM AREA;

       CAR AR                                                                   
---------- ------------------------------------------------------------         
        CD                                                                      
----------                                                                      
         1 ALGEBRA                                                              
         4                                                                      
                                                                                
         2 ANALISIS MATEMATICO                                                  
         1                                                                      
                                                                                
         3 ASTRONOMIA Y ASTROFISICA                                             
         2                                                                      
                                                                                

       CAR AR                                                                   
---------- ------------------------------------------------------------         
        CD                                                                      
----------                                                                      
         4 CIENCIAS DE LA COMPUTACION E INTELIGENCIA ARTIFICIAL                 
         3                                                                      
                                                                                
         5 DIDACTICA DE LA MATEMATICA                                           
         1                                                                      
                                                                                
         6 ESTADISTICA E INVESTIGACION OPERATIVA                                
         3                                                                      
                                                                                

       CAR AR                                                                   
---------- ------------------------------------------------------------         
        CD                                                                      
----------                                                                      
         7 LENGUAJES Y SISTEMAS INFORMATICOS                                    
         3                                                                      
                                                                                
         8 MATEMATICA APLICADA                                                  
         1                                                                      
                                                                                

8 rows selected.

SQL> INSERT INTO PROFESOR
  2  VALUES(1111, 'JUAN', 6, 'CU');

1 row created.

SQL> INSERT INTO PROFESOR
  2  VALUES(2222, 'CARLOS', 7, 'TU');

1 row created.

SQL> INSERT INTO PROFESOR
  2  VALUES(3333, 'PEDRO', 4, 'TEU');

1 row created.

SQL> INSERT INTO PROFESOR
  2  VALUES(4444, 'MARIA', 7, 'TU');

1 row created.

SQL> INSERT INTO PROFESOR
  2  VALUES(5555, 'IVAN', 1, 'CEU');

1 row created.

SQL> INSERT INTO PROFESOR
  2  VALUES(6666, 'CARMEN', 3, 'CD');

1 row created.

SQL> INSERT INTO PROFESOR
  2  VALUES(7777, 'MARIO', 2, 'TU');

1 row created.

SQL> INSERT INTO PROFESOR
  2  VALUES(8888, 'FRANCISCO', 5, 'TU');

1 row created.

SQL> INSERT INTO PROFESOR
  2  VALUES(9999, 'ANGELA', 8, 'TEU');

1 row created.

SQL> INSERT INTO PROFESOR
  2  VALUES(1010, 'DAVID', 4, 'TU');

1 row created.

SQL> INSERT INTO PROFESOR
  2  VALUES(2020, 'SOLEDAD', 7, 'CU');

1 row created.

SQL> INSERT INTO PROFESOR
  2  VALUES(3030, 'JOSE MANUEL', 6, 'TEU');

1 row created.

SQL> SET LINESIZE 130
SQL> COMMIT WORK;

Commit complete.

SQL> SELECT *
  2  FROM AREA;

       CAR AR                                                                   CD                                                
---------- ------------------------------------------------------------ ----------                                                
         1 ALGEBRA                                                               4                                                
         2 ANALISIS MATEMATICO                                                   1                                                
         3 ASTRONOMIA Y ASTROFISICA                                              2                                                
         4 CIENCIAS DE LA COMPUTACION E INTELIGENCIA ARTIFICIAL                  3                                                
         5 DIDACTICA DE LA MATEMATICA                                            1                                                
         6 ESTADISTICA E INVESTIGACION OPERATIVA                                 3                                                
         7 LENGUAJES Y SISTEMAS INFORMATICOS                                     3                                                
         8 MATEMATICA APLICADA                                                   1                                                

8 rows selected.

SQL> SELECT *
  2  FROM PROFESOR;

       DNI P                                                                   CAR CAT                                            
---------- ------------------------------------------------------------ ---------- -----                                          
      1111 JUAN                                                                  6 CU                                             
      2222 CARLOS                                                                7 TU                                             
      3333 PEDRO                                                                 4 TEU                                            
      4444 MARIA                                                                 7 TU                                             
      5555 IVAN                                                                  1 CEU                                            
      6666 CARMEN                                                                3 CD                                             
      7777 MARIO                                                                 2 TU                                             
      8888 FRANCISCO                                                             5 TU                                             
      9999 ANGELA                                                                8 TEU                                            
      1010 DAVID                                                                 4 TU                                             
      2020 SOLEDAD                                                               7 CU                                             

       DNI P                                                                   CAR CAT                                            
---------- ------------------------------------------------------------ ---------- -----                                          
      3030 JOSE MANUEL                                                           6 TEU                                            

12 rows selected.

SQL> SPOOL OFF
SQL> INSERT INTO PLAN_DOCENTE
  2  VALUES(4444,1,3,1.5,1.5,'01-SEP-11',NULL);
INSERT INTO PLAN_DOCENTE
*
ERROR at line 1:
ORA-02291: integrity constraint (ALU0101043845.SYS_C0072734) violated - parent 
key not found 


SQL> INSERT INTO PLAN_DOCENTE
  2  VALUES(4444,1,3,1.5,1.5,'01-SEP-11',NULL);
INSERT INTO PLAN_DOCENTE
*
ERROR at line 1:
ORA-02291: integrity constraint (ALU0101043845.SYS_C0072734) violated - parent 
key not found 


SQL> INSERT INTO PLAN_DOCENTE
  2  VALUES(4444,1,3,1.5,1.5,'01-SEP-11',NULL);
INSERT INTO PLAN_DOCENTE
*
ERROR at line 1:
ORA-02291: integrity constraint (ALU0101043845.SYS_C0072734) violated - parent 
key not found 


SQL> SELECT *
  2  PLAN_DOCENTE
  3  ;
PLAN_DOCENTE
*
ERROR at line 2:
ORA-00923: FROM keyword not found where expected 


SQL> SELECT *
  2  PLAN_DOCENTE;
PLAN_DOCENTE
*
ERROR at line 2:
ORA-00923: FROM keyword not found where expected 


SQL> SELECT *
  2  FROM PLAN_DOCENTE;

no rows selected

SQL> INSERT INTO PLAN_DOCENTE
  2  VALUES(4444, 1, 3, 1.5, 1.5, '01-SEP-11', NULL);
INSERT INTO PLAN_DOCENTE
*
ERROR at line 1:
ORA-02291: integrity constraint (ALU0101043845.SYS_C0072734) violated - parent 
key not found 


SQL> INSERT INTO PLAN_DOCENTE
  2  VALUES(4444, 4, 1.5, 0, 1.5, '01-SEP-08', '31-AUG-10');
INSERT INTO PLAN_DOCENTE
*
ERROR at line 1:
ORA-02291: integrity constraint (ALU0101043845.SYS_C0072734) violated - parent 
key not found 


SQL> INSERT INTO PLAN_DOCENTE
  2  VALUES(4444, 1, 3, 1.5, 1.5, '01-SEP-11', NULL);
INSERT INTO PLAN_DOCENTE
*
ERROR at line 1:
ORA-02291: integrity constraint (ALU0101043845.SYS_C0072734) violated - parent 
key not found 


SQL> DEL PLAN_DOCENTE
SP2-0224: invalid starting line number
SQL> DROP TABLE PLAN_DOCENTE
  2  ;

Table dropped.

SQL> SELECT *
  2  FROM PLAN_DOCENTE;
FROM PLAN_DOCENTE
     *
ERROR at line 2:
ORA-00942: table or view does not exist 


SQL> CREATE TABLE PLAN_DOCENTE
  2  (DNI NUMBER(8),
  3  CAS NUMBER(3),
  4  CTA NUMBER(3,1) DEFAULT 0.0,
  5  CPA NUMBER(3,1) DEFAULT 0.0,
  6  CLA NUMBER(3,1) DEFAULT 0.0,
  7  FI DATE DEFAULT SYSDATE,
  8  FF DATE,
  9  PRIMARY KEY (DNI, CAS, FI),
 10  FOREIGN KEY (CAS) REFERENCES ASIGNATURA ON DELETE CASCADE,
 11  FOREIGN KEY (DNI) REFERENCES PROFESOR ON DELETE CASCADE,
 12  CHECK (FF >= FI));

Table created.

SQL> INSERT INTO PLAN_DOCENTE
  2  VALUES(4444, 1, 3, 1.5, 1.5, '01-SEP-11', NULL);
INSERT INTO PLAN_DOCENTE
*
ERROR at line 1:
ORA-02291: integrity constraint (ALU0101043845.SYS_C0073964) violated - parent 
key not found 


SQL> INSERT INTO PLAN_DOCENTE
  2  VALUES(4444,1,3,1.5,1.5,'01-SEP-11',NULL);
INSERT INTO PLAN_DOCENTE
*
ERROR at line 1:
ORA-02291: integrity constraint (ALU0101043845.SYS_C0073964) violated - parent 
key not found 


SQL> SELECT *
  2  FORM PROFESOR
  3  ;
FORM PROFESOR
*
ERROR at line 2:
ORA-00923: FROM keyword not found where expected 


SQL> SELECT *
  2  FORM PROFESOR
  3  ;
FORM PROFESOR
*
ERROR at line 2:
ORA-00923: FROM keyword not found where expected 


SQL> SELECT *
  2  FORM PROFESOR;
FORM PROFESOR
*
ERROR at line 2:
ORA-00923: FROM keyword not found where expected 


SQL> SELECT *
  2  FROM PROFESOR;

       DNI P                                                                    
---------- ------------------------------------------------------------         
       CAR CAT                                                                  
---------- -----                                                                
      1111 JUAN                                                                 
         6 CU                                                                   
                                                                                
      2222 CARLOS                                                               
         7 TU                                                                   
                                                                                
      3333 PEDRO                                                                
         4 TEU                                                                  
                                                                                

       DNI P                                                                    
---------- ------------------------------------------------------------         
       CAR CAT                                                                  
---------- -----                                                                
      4444 MARIA                                                                
         7 TU                                                                   
                                                                                
      5555 IVAN                                                                 
         1 CEU                                                                  
                                                                                
      6666 CARMEN                                                               
         3 CD                                                                   
                                                                                

       DNI P                                                                    
---------- ------------------------------------------------------------         
       CAR CAT                                                                  
---------- -----                                                                
      7777 MARIO                                                                
         2 TU                                                                   
                                                                                
      8888 FRANCISCO                                                            
         5 TU                                                                   
                                                                                
      9999 ANGELA                                                               
         8 TEU                                                                  
                                                                                

       DNI P                                                                    
---------- ------------------------------------------------------------         
       CAR CAT                                                                  
---------- -----                                                                
      1010 DAVID                                                                
         4 TU                                                                   
                                                                                
      2020 SOLEDAD                                                              
         7 CU                                                                   
                                                                                
      3030 JOSE MANUEL                                                          
         6 TEU                                                                  
                                                                                

12 rows selected.

SQL> SELECT *
  2  FROM ASIGNATURA;

no rows selected

SQL> INSERT INTO ASIGNATURA
  2  VALUES(1, 'BASES DE DATOS', 'GII', 3, 7, 3, 1.5, 1.5);

1 row created.

SQL> INSERT INTO ASIGNATURA
  2  VALUES(2, 'INTELIGENCIA ARTIFICIAL', 'GII', 3, 4, 1.5, 1.5, 3);

1 row created.

SQL> INSERT INTO ASIGNATURA
  2  VALUES(1, 'ALMACENES DE DATOS', 'MII', 1, 7, 1.5, 0, 1.5);
INSERT INTO ASIGNATURA
*
ERROR at line 1:
ORA-00001: unique constraint (ALU0101043845.SYS_C0072720) violated 


SQL> VALUES(3, 'ALMACENES DE DATOS', 'MII', 1, 7, 1.5, 0, 1.5);
SP2-0734: unknown command beginning "VALUES(3, ..." - rest of line ignored.
SQL> INSERT INTO ASIGNATURA
  2  VALUES(3, 'ALMACENES DE DATOS', 'MII', 1, 7, 1.5, 0, 1.5);

1 row created.

SQL> INSERT INTO ASIGNATURA
  2  VALUES(4,'MINERIA DE DATOS','MII',1,7,1.5,0,1.5);

1 row created.

SQL> INSERT INTO ASIGNATURA
  2  VALUES(5,'INFORMATICA BASICA','GII',1,7,3,1.5,1.5);

1 row created.

SQL> INSERT INTO ASIGNATURA
  2  VALUES(6,'ALGEBRA','GII',1,1,3,3,0);

1 row created.

SQL> INSERT INTO ASIGNATURA
  2  VALUES(7,'CALCULO','GII',1,8,3,3,0);

1 row created.

SQL> INSERT INTO ASIGNATURA
  2  VALUES(8,'OPTIMIZACION','GII',1,6,3,1.5,1.5);

1 row created.

SQL> INSERT INTO ASIGNATURA
  2  VALUES(9,'GESTION DE RIESGOS','GII',3,4,3,0,3);

1 row created.

SQL> INSERT INTO ASIGNATURA
  2  VALUES(10,'ASTRONIMIA','GF',2,3,3,1.5,1.5);

1 row created.

SQL> INSERT INTO ASIGNATURA
  2  VALUES(11,'ENSEANZA DE LA MATEMATICA','GM',2,5,6,0,0);

1 row created.

SQL> INSERT INTO ASIGNATURA
  2  VALUES(12,'ANALISIS COMPLEJO','GM',4,2,4.5,3,0);

1 row created.

SQL> VALUES(4444,1,3,1.5,1.5,'01-SEP-11',NULL);
SP2-0734: unknown command beginning "VALUES(444..." - rest of line ignored.
SQL> INSERT INTO PLAN_DOCENTE
  2  VALUES(4444,1,3,1.5,1.5,'01-SEP-11',NULL);

1 row created.

SQL> INSERT INTO PLAN_DOCENTE
  2  VALUES(4444, 4, 1.5, 0, 1.5, '01-SEP-08', '31-AUG-10');

1 row created.

SQL> INSERT INTO PLAN_DOCENTE
  2  VALUES(4444,5,1.5,0,1.5,'01-SEP-10',NULL);

1 row created.

SQL> INSERT INTO PLAN_DOCENTE
  2  VALUES(1111, 8, 3, 1.5, 1.5, '01-SEP-07', '31-AUG-09');

1 row created.

SQL> INSERT INTO PLAN_DOCENTE
  2  VALUES(1111,8,3,0,0,'01-SEP-09',NULL);

1 row created.

SQL> INSERT INTO PLAN_DOCENTE
  2  VALUES(3030,0,1.5,0,1.5,'01-SEP-09',NULL);
INSERT INTO PLAN_DOCENTE
*
ERROR at line 1:
ORA-02291: integrity constraint (ALU0101043845.SYS_C0073964) violated - parent 
key not found 


SQL> INSERT INTO PLAN_DOCENTE
  2  VALUES(3030,8,0,1.5,1.5,'01-SEP-09',NULL);

1 row created.

SQL> INSERT INTO PLAN_DOCENTE
  2  VALUES(2222,4,1.5,0,1.5,'01-SEP-09',NULL);

1 row created.

SQL> INSERT INTO PLAN_DOCENTE
  2  VALUES(2222,3,1.5,0,1.5,'01-SEP-06','31-AUG-07');

1 row created.

SQL> INSERT INTO PLAN_DOCENTE
  2  VALUES(1010,2,1.5,1.5,3,'01-SEP-05','31-AUG-08');

1 row created.

SQL> INSERT INTO PLAN_DOCENTE
  2  VALUES(3333,2,1.5,1.5,3,'01-SEP-08',NULL);

1 row created.

SQL> INSERT INTO PLAN_DOCENTE
  2  VALUES(1010,9,3,0,3,'01-SEP-08','31-AUG-09');

1 row created.

SQL> INSERT INTO PLAN_DOCENTE
  2  VALUES(1010,9,1.5,0,1.5,'01-SEP-09',NULL);

1 row created.

SQL> INSERT INTO PLAN_DOCENTE
  2  VALUES(9999,7,3,3,0,'01-SEP-10',NULL);

1 row created.

SQL> INSERT INTO PLAN_DOCENTE
  2  VALUES(5555,6,3,3,0,'31-MAR-10',NULL);

1 row created.

SQL> INSERT INTO PLAN_DOCENTE
  2  VALUES(6666,10,3,1.5,1.5,'01-SEP-08','31-AUG-11');

1 row created.

SQL> INSERT INTO PLAN_DOCENTE
  2  VALUES(8888,11,6,0,0,'01-SEP-09',NULL);

1 row created.

SQL> INSERT INTO PLAN_DOCENTE
  2  VALUES(2020,3,1.5,0,1.5,'01-SEP-08',NULL);

1 row created.

SQL> INSERT INTO PLAN_DOCENTE
  2  VALUES(7777,12,4.5,3,0,'01-SEP-10',NULL);

1 row created.

SQL> INSERT INTO PLAN_DOCENTE
  2  VALUES(3333,9,1.5,0,1.5,'01-SEP-09',NULL);

1 row created.

SQL> COMMIT WORK;

Commit complete.

SQL> SELECT *
  2  FROM ASIGNATURA;

       CAS A                                                  T           CUR   
---------- -------------------------------------------------- ---- ----------   
       CAR         CT         CP         CL                                     
---------- ---------- ---------- ----------                                     
         1 BASES DE DATOS                                     GII           3   
         7          3        1.5        1.5                                     
                                                                                
         2 INTELIGENCIA ARTIFICIAL                            GII           3   
         4        1.5        1.5          3                                     
                                                                                
         3 ALMACENES DE DATOS                                 MII           1   
         7        1.5          0        1.5                                     
                                                                                

       CAS A                                                  T           CUR   
---------- -------------------------------------------------- ---- ----------   
       CAR         CT         CP         CL                                     
---------- ---------- ---------- ----------                                     
         4 MINERIA DE DATOS                                   MII           1   
         7        1.5          0        1.5                                     
                                                                                
         5 INFORMATICA BASICA                                 GII           1   
         7          3        1.5        1.5                                     
                                                                                
         6 ALGEBRA                                            GII           1   
         1          3          3          0                                     
                                                                                

       CAS A                                                  T           CUR   
---------- -------------------------------------------------- ---- ----------   
       CAR         CT         CP         CL                                     
---------- ---------- ---------- ----------                                     
         7 CALCULO                                            GII           1   
         8          3          3          0                                     
                                                                                
         8 OPTIMIZACION                                       GII           1   
         6          3        1.5        1.5                                     
                                                                                
         9 GESTION DE RIESGOS                                 GII           3   
         4          3          0          3                                     
                                                                                

       CAS A                                                  T           CUR   
---------- -------------------------------------------------- ---- ----------   
       CAR         CT         CP         CL                                     
---------- ---------- ---------- ----------                                     
        10 ASTRONIMIA                                         GF            2   
         3          3        1.5        1.5                                     
                                                                                
        11 ENSEANZA DE LA MATEMATICA                          GM            2   
         5          6          0          0                                     
                                                                                
        12 ANALISIS COMPLEJO                                  GM            4   
         2        4.5          3          0                                     
                                                                                

12 rows selected.

SQL> SET LINESIZE 300
SQL> SELECT *
  2  FROM ASIGNATURA;

       CAS A                                                  T           CUR        CAR         CT         CP         CL                                                                                                                                                                                   
---------- -------------------------------------------------- ---- ---------- ---------- ---------- ---------- ----------                                                                                                                                                                                   
         1 BASES DE DATOS                                     GII           3          7          3        1.5        1.5                                                                                                                                                                                   
         2 INTELIGENCIA ARTIFICIAL                            GII           3          4        1.5        1.5          3                                                                                                                                                                                   
         3 ALMACENES DE DATOS                                 MII           1          7        1.5          0        1.5                                                                                                                                                                                   
         4 MINERIA DE DATOS                                   MII           1          7        1.5          0        1.5                                                                                                                                                                                   
         5 INFORMATICA BASICA                                 GII           1          7          3        1.5        1.5                                                                                                                                                                                   
         6 ALGEBRA                                            GII           1          1          3          3          0                                                                                                                                                                                   
         7 CALCULO                                            GII           1          8          3          3          0                                                                                                                                                                                   
         8 OPTIMIZACION                                       GII           1          6          3        1.5        1.5                                                                                                                                                                                   
         9 GESTION DE RIESGOS                                 GII           3          4          3          0          3                                                                                                                                                                                   
        10 ASTRONIMIA                                         GF            2          3          3        1.5        1.5                                                                                                                                                                                   
        11 ENSEANZA DE LA MATEMATICA                          GM            2          5          6          0          0                                                                                                                                                                                   

       CAS A                                                  T           CUR        CAR         CT         CP         CL                                                                                                                                                                                   
---------- -------------------------------------------------- ---- ---------- ---------- ---------- ---------- ----------                                                                                                                                                                                   
        12 ANALISIS COMPLEJO                                  GM            4          2        4.5          3          0                                                                                                                                                                                   

12 rows selected.

SQL> SET PAGESIZE 300
SQL> SELECT *
  2  FROM ASIGNATURA;

       CAS A                                                  T           CUR        CAR         CT         CP         CL                                                                                                                                                                                   
---------- -------------------------------------------------- ---- ---------- ---------- ---------- ---------- ----------                                                                                                                                                                                   
         1 BASES DE DATOS                                     GII           3          7          3        1.5        1.5                                                                                                                                                                                   
         2 INTELIGENCIA ARTIFICIAL                            GII           3          4        1.5        1.5          3                                                                                                                                                                                   
         3 ALMACENES DE DATOS                                 MII           1          7        1.5          0        1.5                                                                                                                                                                                   
         4 MINERIA DE DATOS                                   MII           1          7        1.5          0        1.5                                                                                                                                                                                   
         5 INFORMATICA BASICA                                 GII           1          7          3        1.5        1.5                                                                                                                                                                                   
         6 ALGEBRA                                            GII           1          1          3          3          0                                                                                                                                                                                   
         7 CALCULO                                            GII           1          8          3          3          0                                                                                                                                                                                   
         8 OPTIMIZACION                                       GII           1          6          3        1.5        1.5                                                                                                                                                                                   
         9 GESTION DE RIESGOS                                 GII           3          4          3          0          3                                                                                                                                                                                   
        10 ASTRONIMIA                                         GF            2          3          3        1.5        1.5                                                                                                                                                                                   
        11 ENSEANZA DE LA MATEMATICA                          GM            2          5          6          0          0                                                                                                                                                                                   
        12 ANALISIS COMPLEJO                                  GM            4          2        4.5          3          0                                                                                                                                                                                   

12 rows selected.

SQL> SELECT *
  2  FROM DEPARTAMENTO;

        CD D                                                                                                                                                                                                                                                                                                
---------- ------------------------------------------------------------                                                                                                                                                                                                                                     
         1 ANALISIS MATEMATICO                                                                                                                                                                                                                                                                              
         2 ASTROFISICA                                                                                                                                                                                                                                                                                      
         3 ESTADISTICA, INVESTIGACION OPERATIVA Y COMPUTACION                                                                                                                                                                                                                                               
         4 MATEMATICA FUNDAMENTAL                                                                                                                                                                                                                                                                           

SQL> SELECT *
  2  FROM AREA;

       CAR AR                                                                   CD                                                                                                                                                                                                                          
---------- ------------------------------------------------------------ ----------                                                                                                                                                                                                                          
         1 ALGEBRA                                                               4                                                                                                                                                                                                                          
         2 ANALISIS MATEMATICO                                                   1                                                                                                                                                                                                                          
         3 ASTRONOMIA Y ASTROFISICA                                              2                                                                                                                                                                                                                          
         4 CIENCIAS DE LA COMPUTACION E INTELIGENCIA ARTIFICIAL                  3                                                                                                                                                                                                                          
         5 DIDACTICA DE LA MATEMATICA                                            1                                                                                                                                                                                                                          
         6 ESTADISTICA E INVESTIGACION OPERATIVA                                 3                                                                                                                                                                                                                          
         7 LENGUAJES Y SISTEMAS INFORMATICOS                                     3                                                                                                                                                                                                                          
         8 MATEMATICA APLICADA                                                   1                                                                                                                                                                                                                          

8 rows selected.

SQL> SELECT *
  2  FROM PROFESOR;

       DNI P                                                                   CAR CAT                                                                                                                                                                                                                      
---------- ------------------------------------------------------------ ---------- -----                                                                                                                                                                                                                    
      1111 JUAN                                                                  6 CU                                                                                                                                                                                                                       
      2222 CARLOS                                                                7 TU                                                                                                                                                                                                                       
      3333 PEDRO                                                                 4 TEU                                                                                                                                                                                                                      
      4444 MARIA                                                                 7 TU                                                                                                                                                                                                                       
      5555 IVAN                                                                  1 CEU                                                                                                                                                                                                                      
      6666 CARMEN                                                                3 CD                                                                                                                                                                                                                       
      7777 MARIO                                                                 2 TU                                                                                                                                                                                                                       
      8888 FRANCISCO                                                             5 TU                                                                                                                                                                                                                       
      9999 ANGELA                                                                8 TEU                                                                                                                                                                                                                      
      1010 DAVID                                                                 4 TU                                                                                                                                                                                                                       
      2020 SOLEDAD                                                               7 CU                                                                                                                                                                                                                       
      3030 JOSE MANUEL                                                           6 TEU                                                                                                                                                                                                                      

12 rows selected.

SQL> SELECT *
  2  FROM ASIGNATURA;

       CAS A                                                  T           CUR        CAR         CT         CP         CL                                                                                                                                                                                   
---------- -------------------------------------------------- ---- ---------- ---------- ---------- ---------- ----------                                                                                                                                                                                   
         1 BASES DE DATOS                                     GII           3          7          3        1.5        1.5                                                                                                                                                                                   
         2 INTELIGENCIA ARTIFICIAL                            GII           3          4        1.5        1.5          3                                                                                                                                                                                   
         3 ALMACENES DE DATOS                                 MII           1          7        1.5          0        1.5                                                                                                                                                                                   
         4 MINERIA DE DATOS                                   MII           1          7        1.5          0        1.5                                                                                                                                                                                   
         5 INFORMATICA BASICA                                 GII           1          7          3        1.5        1.5                                                                                                                                                                                   
         6 ALGEBRA                                            GII           1          1          3          3          0                                                                                                                                                                                   
         7 CALCULO                                            GII           1          8          3          3          0                                                                                                                                                                                   
         8 OPTIMIZACION                                       GII           1          6          3        1.5        1.5                                                                                                                                                                                   
         9 GESTION DE RIESGOS                                 GII           3          4          3          0          3                                                                                                                                                                                   
        10 ASTRONIMIA                                         GF            2          3          3        1.5        1.5                                                                                                                                                                                   
        11 ENSEANZA DE LA MATEMATICA                          GM            2          5          6          0          0                                                                                                                                                                                   
        12 ANALISIS COMPLEJO                                  GM            4          2        4.5          3          0                                                                                                                                                                                   

12 rows selected.

SQL> SELECT *
  2  FROM PLAN_DOCENTE;

       DNI        CAS        CTA        CPA        CLA FI        FF                                                                                                                                                                                                                                         
---------- ---------- ---------- ---------- ---------- --------- ---------                                                                                                                                                                                                                                  
      4444          1          3        1.5        1.5 01-SEP-11                                                                                                                                                                                                                                            
      4444          4        1.5          0        1.5 01-SEP-08 31-AUG-10                                                                                                                                                                                                                                  
      4444          5        1.5          0        1.5 01-SEP-10                                                                                                                                                                                                                                            
      1111          8          3        1.5        1.5 01-SEP-07 31-AUG-09                                                                                                                                                                                                                                  
      1111          8          3          0          0 01-SEP-09                                                                                                                                                                                                                                            
      3030          8          0        1.5        1.5 01-SEP-09                                                                                                                                                                                                                                            
      2222          4        1.5          0        1.5 01-SEP-09                                                                                                                                                                                                                                            
      2222          3        1.5          0        1.5 01-SEP-06 31-AUG-07                                                                                                                                                                                                                                  
      1010          2        1.5        1.5          3 01-SEP-05 31-AUG-08                                                                                                                                                                                                                                  
      3333          2        1.5        1.5          3 01-SEP-08                                                                                                                                                                                                                                            
      1010          9          3          0          3 01-SEP-08 31-AUG-09                                                                                                                                                                                                                                  
      1010          9        1.5          0        1.5 01-SEP-09                                                                                                                                                                                                                                            
      9999          7          3          3          0 01-SEP-10                                                                                                                                                                                                                                            
      5555          6          3          3          0 31-MAR-10                                                                                                                                                                                                                                            
      6666         10          3        1.5        1.5 01-SEP-08 31-AUG-11                                                                                                                                                                                                                                  
      8888         11          6          0          0 01-SEP-09                                                                                                                                                                                                                                            
      2020          3        1.5          0        1.5 01-SEP-08                                                                                                                                                                                                                                            
      7777         12        4.5          3          0 01-SEP-10                                                                                                                                                                                                                                            
      3333          9        1.5          0        1.5 01-SEP-09                                                                                                                                                                                                                                            

19 rows selected.

SQL> SPOOL OFF
