SQL> INSERT INTO TITULACION (T)
  2  SELECT (T)
  3  FROM ASIGNATURA;
INSERT INTO TITULACION (T)
*
ERROR at line 1:
ORA-00001: unique constraint (ALU0101043845.SYS_C0080696) violated 


SQL> INSERT INTO TITULACION (T)
  2  SELECT (DISTINCT T)
  3  FROM ASIGNATURA;
SELECT (DISTINCT T)
        *
ERROR at line 2:
ORA-00936: missing expression 


SQL> INSERT INTO TITULACION (T)
  2  SELECT DISTINCT T
  3  FROM ASIGNATURA;

4 rows created.

SQL> SELECT *
  2  FROM TITULACION;

T                                                            FAC                                                                                                                                                                                                                                            
------------------------------------------------------------ ------------------------------------------------------------                                                                                                                                                                                   
GF                                                                                                                                                                                                                                                                                                          
GM                                                                                                                                                                                                                                                                                                          
GII                                                                                                                                                                                                                                                                                                         
MII                                                                                                                                                                                                                                                                                                         

SQL> INSERT INTO TITULACION
  2  ;

*
ERROR at line 2:
ORA-00926: missing VALUES keyword 


SQL> ROLL BACK
Rollback complete.
SQL> SELECT *
  2  FROM TITULACION;

no rows selected

SQL> CREATE TABLE TITULACION
  2  (T VARCHAR(5) PRIMARY KEY,
  3  FAC VARCHAR(5));
CREATE TABLE TITULACION
             *
ERROR at line 1:
ORA-00955: name is already used by an existing object 


SQL> DROP TABLE TITULACION
  2  ;

Table dropped.

SQL> CREATE TABLE TITULACION
  2  (T VARCHAR(5) PRIMARY KEY,
  3  FAC VARCHAR(5));

Table created.

SQL> INSERT INTO TITULACION
  2  ;

*
ERROR at line 2:
ORA-00926: missing VALUES keyword 


SQL> INSERT INTO TITULACION (T)
  2  SELECT DISTINCT T
  3  FROM ASIGNATURA;

4 rows created.

SQL> SELECT *
  2  FROM TITULACION;

T     FAC                                                                                                                                                                                                                                                                                                   
----- -----                                                                                                                                                                                                                                                                                                 
GF                                                                                                                                                                                                                                                                                                          
GM                                                                                                                                                                                                                                                                                                          
GII                                                                                                                                                                                                                                                                                                         
MII                                                                                                                                                                                                                                                                                                         

SQL> UPDATE TITULACION
  2  SET FAC = 'ESIT'
  3  WHERE T IN ('GII', 'MII');

0 rows updated.

SQL> SELECT *
  2  FROM TITULACION;

T     FAC                                                                                                                                                                                                                                                                                                   
----- -----                                                                                                                                                                                                                                                                                                 
GF                                                                                                                                                                                                                                                                                                          
GM                                                                                                                                                                                                                                                                                                          
GII                                                                                                                                                                                                                                                                                                         
MII                                                                                                                                                                                                                                                                                                         

SQL> UPDATE TITULACION
  2  SET FAC='ESIT'
  3  WHERE T IN ('GII', 'MII');

0 rows updated.

SQL> UPDATE TITULACION
  2  SET FAC = "ESIT"
  3  WHERE T IN ('GII', 'MII');
SET FAC = "ESIT"
          *
ERROR at line 2:
ORA-00904: "ESIT": invalid identifier 


SQL> UPDATE TITULACION
  2  SET FAC = 'ESIT'
  3  WHERE T = 'MII';

0 rows updated.

SQL> SELECT *
  2  FROM TITULACION;

T     FAC                                                                                                                                                                                                                                                                                                   
----- -----                                                                                                                                                                                                                                                                                                 
GF                                                                                                                                                                                                                                                                                                          
GM                                                                                                                                                                                                                                                                                                          
GII                                                                                                                                                                                                                                                                                                         
MII                                                                                                                                                                                                                                                                                                         

SQL> UPDATE TITULACION
  2  SET FAC = 'FC'
  3  WHERE T = 'GM';

0 rows updated.

SQL> DROP TABLE TITULACION;

Table dropped.

SQL> CREATE TABLE TITULACION
  2  (T CHAR(4) PRIMARY KEY,
  3  FAC VARCHAR2(10));

Table created.

SQL> INSERT INTO TITULACION (T)
  2  SELECT DISTINCT T
  3  FROM ASIGNATURA;

4 rows created.

SQL> SELECT *
  2  FROM TITULACION
  3  ;

T    FAC                                                                                                                                                                                                                                                                                                    
---- ----------                                                                                                                                                                                                                                                                                             
GF                                                                                                                                                                                                                                                                                                          
GM                                                                                                                                                                                                                                                                                                          
GII                                                                                                                                                                                                                                                                                                         
MII                                                                                                                                                                                                                                                                                                         

SQL> UPDATE TITULACION
  2  SET FAC = 'ESIT'
  3  WHERE T IN ('GII', 'MII');

2 rows updated.

SQL> UPDATE TITULACION
  2  SET FAC = 'FC'
  3  WHERE T IN ('GF', 'GM');

2 rows updated.

SQL> SELECT *
  2  FROM TITULACION;

T    FAC                                                                                                                                                                                                                                                                                                    
---- ----------                                                                                                                                                                                                                                                                                             
GF   FC                                                                                                                                                                                                                                                                                                     
GM   FC                                                                                                                                                                                                                                                                                                     
GII  ESIT                                                                                                                                                                                                                                                                                                   
MII  ESIT                                                                                                                                                                                                                                                                                                   

SQL> CREATE SYNONYM TIT
  2  FROM TITULACION;
FROM TITULACION
*
ERROR at line 2:
ORA-00905: missing keyword 


SQL> CREATE SYNONYM TIT
  2  FOR TITULACION;

Synonym created.

SQL> SELECT *
  2  FROM TIT;

T    FAC                                                                                                                                                                                                                                                                                                    
---- ----------                                                                                                                                                                                                                                                                                             
GF   FC                                                                                                                                                                                                                                                                                                     
GM   FC                                                                                                                                                                                                                                                                                                     
GII  ESIT                                                                                                                                                                                                                                                                                                   
MII  ESIT                                                                                                                                                                                                                                                                                                   

SQL> ALTER TABLE ASIGNATURA
  2  ADD CONSTRAINT FK_ASIGNATURA_TITULACION
  3  FOREIGN KEY (T) REFERENCES TITULACION ON DELETE CASCADE;

Table altered.

SQL> SPOOL OFF
SQL> ALTER TABLE TITULACION
  2  MODIFY(T CHAR(6));
ALTER TABLE TITULACION
*
ERROR at line 1:
ORA-02292: integrity constraint (ALU0101043845.FK_ASIGNATURA_TITULACION) 
violated - child record found 


SQL> EXIT
SQL> CREATE VIEW VISTA1 (CAS,A,T,CUR,CAR)
  2  ;

*
ERROR at line 2:
ORA-00905: missing keyword 


SQL> CREATE VIEW ASIGNATURA (CAS,A,T,CUR,CAR)
  2  AS VISTA1;
AS VISTA1
   *
ERROR at line 2:
ORA-00928: missing SELECT keyword 


SQL> CREATE VIEW VISTA1 (CAS,A,T,CUR,CAR)
  2  AS SELECT *
  3  FROM ASIGNATURA;
CREATE VIEW VISTA1 (CAS,A,T,CUR,CAR)
                    *
ERROR at line 1:
ORA-01730: invalid number of column names specified 


SQL> CREATE VIEW VISTA1 (CAS,A,T,CUR,CAR)
  2  AS SELECT CAS,A,T,CUR,CAR
  3  FROM ASIGNATURA;

View created.

SQL> SELECT *
  2  FROM VISTA1;

       CAS A                                                  T           CUR   
---------- -------------------------------------------------- ---- ----------   
       CAR                                                                      
----------                                                                      
         1 BASES DE DATOS                                     GII           3   
         7                                                                      
                                                                                
         2 INTELIGENCIA ARTIFICIAL                            GII           3   
         4                                                                      
                                                                                
         3 ALMACENES DE DATOS                                 MII           1   
         7                                                                      
                                                                                

       CAS A                                                  T           CUR   
---------- -------------------------------------------------- ---- ----------   
       CAR                                                                      
----------                                                                      
         4 MINERIA DE DATOS                                   MII           1   
         7                                                                      
                                                                                
         5 INFORMATICA BASICA                                 GII           1   
         7                                                                      
                                                                                
         6 ALGEBRA                                            GII           1   
         1                                                                      
                                                                                

       CAS A                                                  T           CUR   
---------- -------------------------------------------------- ---- ----------   
       CAR                                                                      
----------                                                                      
         7 CALCULO                                            GII           1   
         8                                                                      
                                                                                
         8 OPTIMIZACION                                       GII           1   
         6                                                                      
                                                                                
         9 GESTION DE RIESGOS                                 GII           3   
         4                                                                      
                                                                                

       CAS A                                                  T           CUR   
---------- -------------------------------------------------- ---- ----------   
       CAR                                                                      
----------                                                                      
        10 ASTRONIMIA                                         GF            2   
         3                                                                      
                                                                                
        11 ENSEANZA DE LA MATEMATICA                          GM            2   
         5                                                                      
                                                                                
        12 ANALISIS COMPLEJO                                  GM            4   
         2                                                                      
                                                                                

12 rows selected.

SQL> SET LINESIZE 130
SQL> SET PAGESIZE 130
SQL> SELECT *
  2  FROM VISTA1;

       CAS A                                                  T           CUR        CAR                                          
---------- -------------------------------------------------- ---- ---------- ----------                                          
         1 BASES DE DATOS                                     GII           3          7                                          
         2 INTELIGENCIA ARTIFICIAL                            GII           3          4                                          
         3 ALMACENES DE DATOS                                 MII           1          7                                          
         4 MINERIA DE DATOS                                   MII           1          7                                          
         5 INFORMATICA BASICA                                 GII           1          7                                          
         6 ALGEBRA                                            GII           1          1                                          
         7 CALCULO                                            GII           1          8                                          
         8 OPTIMIZACION                                       GII           1          6                                          
         9 GESTION DE RIESGOS                                 GII           3          4                                          
        10 ASTRONIMIA                                         GF            2          3                                          
        11 ENSEANZA DE LA MATEMATICA                          GM            2          5                                          
        12 ANALISIS COMPLEJO                                  GM            4          2                                          

12 rows selected.

SQL> SELECT *
  2  FROM ASIGNATURA;

       CAS A                                                  T           CUR        CAR         CT         CP         CL         
---------- -------------------------------------------------- ---- ---------- ---------- ---------- ---------- ----------         
         1 BASES DE DATOS                                     GII           3          7          3        1.5        1.5         
         2 INTELIGENCIA ARTIFICIAL                            GII           3          4        1.5        1.5          3         
         3 ALMACENES DE DATOS                                 MII           1          7        1.5          0        1.5         
         4 MINERIA DE DATOS                                   MII           1          7        1.5          0        1.5         
         5 INFORMATICA BASICA                                 GII           1          7          3        1.5        1.5         
         6 ALGEBRA                                            GII           1          1          3          3          0         
         7 CALCULO                                            GII           1          8          3          3          0         
         8 OPTIMIZACION                                       GII           1          6          3        1.5        1.5         
         9 GESTION DE RIESGOS                                 GII           3          4          3          0          3         
        10 ASTRONIMIA                                         GF            2          3          3        1.5        1.5         
        11 ENSEANZA DE LA MATEMATICA                          GM            2          5          6          0          0         
        12 ANALISIS COMPLEJO                                  GM            4          2        4.5          3          0         

12 rows selected.

SQL> INSERT INTO VISTA1
  2  VALUES(13,'ESTADISTICA',GII,3,7);
VALUES(13,'ESTADISTICA',GII,3,7)
                        *
ERROR at line 2:
ORA-00984: column not allowed here 


SQL> INSERT INTO VISTA1
  2  VALUES(13,'ESTADISTICA','GII',3,7);

1 row created.

SQL> SELECT *
  2  FROM ASIGNATURA;

       CAS A                                                  T           CUR        CAR         CT         CP         CL         
---------- -------------------------------------------------- ---- ---------- ---------- ---------- ---------- ----------         
         1 BASES DE DATOS                                     GII           3          7          3        1.5        1.5         
         2 INTELIGENCIA ARTIFICIAL                            GII           3          4        1.5        1.5          3         
         3 ALMACENES DE DATOS                                 MII           1          7        1.5          0        1.5         
         4 MINERIA DE DATOS                                   MII           1          7        1.5          0        1.5         
         5 INFORMATICA BASICA                                 GII           1          7          3        1.5        1.5         
         6 ALGEBRA                                            GII           1          1          3          3          0         
         7 CALCULO                                            GII           1          8          3          3          0         
         8 OPTIMIZACION                                       GII           1          6          3        1.5        1.5         
         9 GESTION DE RIESGOS                                 GII           3          4          3          0          3         
        10 ASTRONIMIA                                         GF            2          3          3        1.5        1.5         
        11 ENSEANZA DE LA MATEMATICA                          GM            2          5          6          0          0         
        12 ANALISIS COMPLEJO                                  GM            4          2        4.5          3          0         
        13 ESTADISTICA                                        GII           3          7          0          0          0         

13 rows selected.

SQL> SELECT *
  2  FROM VISTA1;

       CAS A                                                  T           CUR        CAR                                          
---------- -------------------------------------------------- ---- ---------- ----------                                          
         1 BASES DE DATOS                                     GII           3          7                                          
         2 INTELIGENCIA ARTIFICIAL                            GII           3          4                                          
         3 ALMACENES DE DATOS                                 MII           1          7                                          
         4 MINERIA DE DATOS                                   MII           1          7                                          
         5 INFORMATICA BASICA                                 GII           1          7                                          
         6 ALGEBRA                                            GII           1          1                                          
         7 CALCULO                                            GII           1          8                                          
         8 OPTIMIZACION                                       GII           1          6                                          
         9 GESTION DE RIESGOS                                 GII           3          4                                          
        10 ASTRONIMIA                                         GF            2          3                                          
        11 ENSEANZA DE LA MATEMATICA                          GM            2          5                                          
        12 ANALISIS COMPLEJO                                  GM            4          2                                          
        13 ESTADISTICA                                        GII           3          7                                          

13 rows selected.

SQL> UPDATE VISTA1
  2  SET CAR=6
  3  WHERE CAS = 13;

1 row updated.

SQL> SELECT *
  2  FROM VISTA1;

       CAS A                                                  T           CUR        CAR                                          
---------- -------------------------------------------------- ---- ---------- ----------                                          
         1 BASES DE DATOS                                     GII           3          7                                          
         2 INTELIGENCIA ARTIFICIAL                            GII           3          4                                          
         3 ALMACENES DE DATOS                                 MII           1          7                                          
         4 MINERIA DE DATOS                                   MII           1          7                                          
         5 INFORMATICA BASICA                                 GII           1          7                                          
         6 ALGEBRA                                            GII           1          1                                          
         7 CALCULO                                            GII           1          8                                          
         8 OPTIMIZACION                                       GII           1          6                                          
         9 GESTION DE RIESGOS                                 GII           3          4                                          
        10 ASTRONIMIA                                         GF            2          3                                          
        11 ENSEANZA DE LA MATEMATICA                          GM            2          5                                          
        12 ANALISIS COMPLEJO                                  GM            4          2                                          
        13 ESTADISTICA                                        GII           3          6                                          

13 rows selected.

SQL> SELECT *
  2  FROM ASIGNATURA;

       CAS A                                                  T           CUR        CAR         CT         CP         CL         
---------- -------------------------------------------------- ---- ---------- ---------- ---------- ---------- ----------         
         1 BASES DE DATOS                                     GII           3          7          3        1.5        1.5         
         2 INTELIGENCIA ARTIFICIAL                            GII           3          4        1.5        1.5          3         
         3 ALMACENES DE DATOS                                 MII           1          7        1.5          0        1.5         
         4 MINERIA DE DATOS                                   MII           1          7        1.5          0        1.5         
         5 INFORMATICA BASICA                                 GII           1          7          3        1.5        1.5         
         6 ALGEBRA                                            GII           1          1          3          3          0         
         7 CALCULO                                            GII           1          8          3          3          0         
         8 OPTIMIZACION                                       GII           1          6          3        1.5        1.5         
         9 GESTION DE RIESGOS                                 GII           3          4          3          0          3         
        10 ASTRONIMIA                                         GF            2          3          3        1.5        1.5         
        11 ENSEANZA DE LA MATEMATICA                          GM            2          5          6          0          0         
        12 ANALISIS COMPLEJO                                  GM            4          2        4.5          3          0         
        13 ESTADISTICA                                        GII           3          6          0          0          0         

13 rows selected.

SQL> CREATE VIEW VISTA2 (DNI,A,T,CUR,CAR)
  2  AS SELECT DNI,A,T,CUR,CAR
  3  FROM PLAN_DOCENTE NATURAL_JOIN VISTA1;
FROM PLAN_DOCENTE NATURAL_JOIN VISTA1
                               *
ERROR at line 3:
ORA-00933: SQL command not properly ended 


SQL> CREATE VIEW VISTA2 (DNI,A,T,CUR,CAR)
  2  AS SELECT DNI,A,T,CUR,CAR
  3  FROM PLAN_DOCENTE NATURAL JOIN VISTA1
  4  WHERE DBI = &dni;
Enter value for dni: 1111
old   4: WHERE DBI = &dni
new   4: WHERE DBI = 1111
WHERE DBI = 1111
      *
ERROR at line 4:
ORA-00904: "DBI": invalid identifier 


SQL> CREATE VIEW VISTA2 (DNI,A,T,CUR,CAR)
  2  AS SELECT DNI,A,T,CUR,CAR
  3  FROM PLAN_DOCENTE NATURAL JOIN VISTA1
  4  WHERE DNI = &dni;
Enter value for dni: 1111
old   4: WHERE DNI = &dni
new   4: WHERE DNI = 1111

View created.

SQL> SELECT *
  2  FROM VISTA2;

       DNI A                                                  T           CUR        CAR                                          
---------- -------------------------------------------------- ---- ---------- ----------                                          
      1111 OPTIMIZACION                                       GII           1          6                                          
      1111 OPTIMIZACION                                       GII           1          6                                          

SQL> UPDATE VISTA2
  2  SET A= "ESTADISTICA"
  3  WHERE CAR = 1;
SET A= "ESTADISTICA"
       *
ERROR at line 2:
ORA-00904: "ESTADISTICA": invalid identifier 


SQL> UPDATE VISTA2
  2  SET A= 'ESTADISTICA'
  3  WHERE CAR = 1;
SET A= 'ESTADISTICA'
    *
ERROR at line 2:
ORA-01779: cannot modify a column which maps to a non key-preserved table 


SQL> CHECK_CONSTRAINTS VISTA2
SP2-0734: unknown command beginning "CHECK_CONS..." - rest of line ignored.
SQL> CHECK VISTA2
SP2-0734: unknown command beginning "CHECK VIST..." - rest of line ignored.
SQL> SELECT CHECK FROM VISTA2
  2  ;
SELECT CHECK FROM VISTA2
       *
ERROR at line 1:
ORA-00936: missing expression 


SQL> SELECT OBJECT_DEFINITION
  2  FROM VISTA2;
SELECT OBJECT_DEFINITION
       *
ERROR at line 1:
ORA-00904: "OBJECT_DEFINITION": invalid identifier 


SQL> DROP VIEW VISTA1
  2  ;

View dropped.

SQL> SELECT *
  2  FROM VISTA2;
FROM VISTA2
     *
ERROR at line 2:
ORA-04063: view "ALU0101043845.VISTA2" has errors 


SQL> ROLLBACK WORK
  2  ;

Rollback complete.

SQL> SELECT *
  2  FROM VISTA1;
FROM VISTA1
     *
ERROR at line 2:
ORA-00942: table or view does not exist 


SQL> SELECT *
  2  FROM VISTA2;
FROM VISTA2
     *
ERROR at line 2:
ORA-04063: view "ALU0101043845.VISTA2" has errors 


SQL> CREATE INDEX INDICE1
  2  ON PROFESORES (P);
ON PROFESORES (P)
   *
ERROR at line 2:
ORA-00942: table or view does not exist 


SQL> CREATE INDEX INDICE1
  2  ON PROFESORE P;
ON PROFESORE P
             *
ERROR at line 2:
ORA-00906: missing left parenthesis 


SQL> CREATE INDEX INDICE1
  2  ON PROFESOR (P);

Index created.

SQL> SELECT DNI
  2  FROM PROFESOR
  3  WHERE P = 'JUAN';

       DNI                                                                                                                        
----------                                                                                                                        
      1111                                                                                                                        

SQL> SELECT DNI
  2  FROM INDICE1
  3  WHERE P = 'JUAN';
FROM INDICE1
     *
ERROR at line 2:
ORA-00942: table or view does not exist 


SQL> DROP INDEX INDICE1;

Index dropped.

SQL> CREATE INDEC INDICE2
  2  ON VISTA1 (CAR);
CREATE INDEC INDICE2
       *
ERROR at line 1:
ORA-00901: invalid CREATE command 


SQL> CREATE INDEX INDICE2
  2  ON VISTA1 (CAR);
ON VISTA1 (CAR)
   *
ERROR at line 2:
ORA-00942: table or view does not exist 


SQL> EXIT
SQL> DESCRIBE VISTA2;
ERROR:
ORA-24372: invalid object for describe 


SQL> SELECT *
  2  FROM VISTA2;
FROM VISTA2
     *
ERROR at line 2:
ORA-04063: view "ALU0101043845.VISTA2" has errors 


SQL> SELECT *
  2  FROM VISTA1;
FROM VISTA1
     *
ERROR at line 2:
ORA-00942: table or view does not exist 


SQL> DROP VIEW VISTA2;

View dropped.

SQL> CREATE VIEW VISTA1(CAS,A,T,CUR,CAR)
  2  AS SELECT CAS,A,T,CUR,CAR
  3  FROM ASIGNATURA;

View created.

SQL> CREATE VIEW VISTA2 (DNI,A,T,CUR,CAR)
  2  AS SELECT DNI,A,T,CUR,CAR
  3  FROM PLAN_DOCENTE NATURAL JOIN VISTA1;

View created.

SQL> SELECT *
  2  FROM VISTA2;

       DNI A                                                  T           CUR   
---------- -------------------------------------------------- ---- ----------   
       CAR                                                                      
----------                                                                      
      1010 INTELIGENCIA ARTIFICIAL                            GII           3   
         4                                                                      
                                                                                
      1010 GESTION DE RIESGOS                                 GII           3   
         4                                                                      
                                                                                
      1010 GESTION DE RIESGOS                                 GII           3   
         4                                                                      
                                                                                

       DNI A                                                  T           CUR   
---------- -------------------------------------------------- ---- ----------   
       CAR                                                                      
----------                                                                      
      1111 OPTIMIZACION                                       GII           1   
         6                                                                      
                                                                                
      1111 OPTIMIZACION                                       GII           1   
         6                                                                      
                                                                                
      2020 ALMACENES DE DATOS                                 MII           1   
         7                                                                      
                                                                                

       DNI A                                                  T           CUR   
---------- -------------------------------------------------- ---- ----------   
       CAR                                                                      
----------                                                                      
      2222 ALMACENES DE DATOS                                 MII           1   
         7                                                                      
                                                                                
      2222 MINERIA DE DATOS                                   MII           1   
         7                                                                      
                                                                                
      3030 OPTIMIZACION                                       GII           1   
         6                                                                      
                                                                                

       DNI A                                                  T           CUR   
---------- -------------------------------------------------- ---- ----------   
       CAR                                                                      
----------                                                                      
      3333 INTELIGENCIA ARTIFICIAL                            GII           3   
         4                                                                      
                                                                                
      3333 GESTION DE RIESGOS                                 GII           3   
         4                                                                      
                                                                                
      4444 BASES DE DATOS                                     GII           3   
         7                                                                      
                                                                                

       DNI A                                                  T           CUR   
---------- -------------------------------------------------- ---- ----------   
       CAR                                                                      
----------                                                                      
      4444 MINERIA DE DATOS                                   MII           1   
         7                                                                      
                                                                                
      4444 INFORMATICA BASICA                                 GII           1   
         7                                                                      
                                                                                
      5555 ALGEBRA                                            GII           1   
         1                                                                      
                                                                                

       DNI A                                                  T           CUR   
---------- -------------------------------------------------- ---- ----------   
       CAR                                                                      
----------                                                                      
      6666 ASTRONIMIA                                         GF            2   
         3                                                                      
                                                                                
      7777 ANALISIS COMPLEJO                                  GM            4   
         2                                                                      
                                                                                
      8888 ENSEANZA DE LA MATEMATICA                          GM            2   
         5                                                                      
                                                                                

       DNI A                                                  T           CUR   
---------- -------------------------------------------------- ---- ----------   
       CAR                                                                      
----------                                                                      
      9999 CALCULO                                            GII           1   
         8                                                                      
                                                                                

19 rows selected.

SQL> SET PAGESIZE 130
SQL> SET LINESIZE 130
SQL> FROM VISTA2;
SP2-0734: unknown command beginning "FROM VISTA..." - rest of line ignored.
SQL> SELECT *
  2  FROM VISTA2;

       DNI A                                                  T           CUR        CAR                                          
---------- -------------------------------------------------- ---- ---------- ----------                                          
      1010 INTELIGENCIA ARTIFICIAL                            GII           3          4                                          
      1010 GESTION DE RIESGOS                                 GII           3          4                                          
      1010 GESTION DE RIESGOS                                 GII           3          4                                          
      1111 OPTIMIZACION                                       GII           1          6                                          
      1111 OPTIMIZACION                                       GII           1          6                                          
      2020 ALMACENES DE DATOS                                 MII           1          7                                          
      2222 ALMACENES DE DATOS                                 MII           1          7                                          
      2222 MINERIA DE DATOS                                   MII           1          7                                          
      3030 OPTIMIZACION                                       GII           1          6                                          
      3333 INTELIGENCIA ARTIFICIAL                            GII           3          4                                          
      3333 GESTION DE RIESGOS                                 GII           3          4                                          
      4444 BASES DE DATOS                                     GII           3          7                                          
      4444 MINERIA DE DATOS                                   MII           1          7                                          
      4444 INFORMATICA BASICA                                 GII           1          7                                          
      5555 ALGEBRA                                            GII           1          1                                          
      6666 ASTRONIMIA                                         GF            2          3                                          
      7777 ANALISIS COMPLEJO                                  GM            4          2                                          
      8888 ENSEANZA DE LA MATEMATICA                          GM            2          5                                          
      9999 CALCULO                                            GII           1          8                                          

19 rows selected.

SQL> UPDATE VISTA2
  2  SET A='ASIGNATURA' WHERE DNI=1111;
SET A='ASIGNATURA' WHERE DNI=1111
    *
ERROR at line 2:
ORA-01779: cannot modify a column which maps to a non key-preserved table 


SQL> DESCRIBE VISTA2;
 Name                                                                    Null?    Type
 ----------------------------------------------------------------------- -------- ------------------------------------------------
 DNI                                                                     NOT NULL NUMBER(8)
 A                                                                       NOT NULL VARCHAR2(50)
 T                                                                       NOT NULL CHAR(4)
 CUR                                                                              NUMBER(1)
 CAR                                                                              NUMBER(3)

SQL> DROP VIEW VISTA1;

View dropped.

SQL> SELECT *
  2  FROM VISTA2;
FROM VISTA2
     *
ERROR at line 2:
ORA-04063: view "ALU0101043845.VISTA2" has errors 


SQL> CREATE INDEX INDICE1
  2  ON PROFESOR(P);

Index created.

SQL> SELECT DNI
  2  FROM PROFESOR
  3  WHERE P='JUAN';

       DNI                                                                                                                        
----------                                                                                                                        
      1111                                                                                                                        

SQL> CREATE VIEW VISTA1(CAS,A,T,CUR,CAR)
  2  AS SELECT CAR,A,T,CUR,CAR
  3  FROM ASIGNATURA;

View created.

SQL> DROP INDEX INDICE1;

Index dropped.

SQL> CREATE INDEX INDICE2
  2  ON VISTA1(CAR);
ON VISTA1(CAR)
   *
ERROR at line 2:
ORA-01702: a view is not appropriate here 


SQL> GRANT SELECT ON DEPARTAMENTO TO alumno;

Grant succeeded.

SQL> GRANT SELECT ON AREA TO alumno;

Grant succeeded.

SQL> GRANT SELECT ON ASIGNATURA TO alumno;

Grant succeeded.

SQL> GRANT SELECT ON TITULACION TO alumno;

Grant succeeded.

SQL> GRANT INSERT,UPDATE,DELETE ON DEPARTAMENTO TO alumno;

Grant succeeded.

SQL> GRANT INSERT,UPDATE,DELETE
  2  ON AREA
  3  TO alumno;

Grant succeeded.

SQL> GRANT UPDATE
  2  ON ASIGNATURA
  3  TO alumno;

Grant succeeded.

SQL> GRANT UPDATE
  2  ON TITULACION
  3  TO alumno;

Grant succeeded.

SQL> COMMIT WORK;

Commit complete.

SQL> COMMIT;

Commit complete.

SQL> CONNECT alumno;
ERROR:
ORA-12162: TNS:net service name is incorrectly specified 


Warning: You are no longer connected to ORACLE.
SQL> REVOKE SELECT,UPDATE,INSERT,DELETE
  2  ON DEPARTAMENTO
  3  FROM alumno;
SP2-0640: Not connected
SQL> SELECT *
  2  FROM DEPARTAMENTO;
SP2-0640: Not connected
SQL> EXIT
