SQL> SELECT P, SUM(CTA+CPA+CLA)
  2  FROM PROFESOR NATURAL JOIN PLAN_DOCENTE
  3  WHERE FF IS NULL
  4  GROUP BY P
  5  HAVING SUM(CTA+CPA+CLA) >= (SELECT MAX(SUM(CTA+CPA+CLA))
  6  FROM PLAN_DOCENTE
  7  WHERE FF IS NULL
  8  GROUP BY DNI);

P                                                            SUM(CTA+CPA+CLA)   
------------------------------------------------------------ ----------------   
PEDRO                                                                       9   
MARIA                                                                       9   

SQL> SELECT D, COUNT(DISTINCT DNI)
  2  FROM DEPARTAMENTO NATURAL JOIN AREA NATURAL JOIN PROFESOR;
SELECT D, COUNT(DISTINCT DNI)
       *
ERROR at line 1:
ORA-00937: not a single-group group function 


SQL> SELECT D, COUNT(DISTINCT DNI)
  2  FROM DEPARTAMENTO NATURAL JOIN AREA NATURAL JOIN PROFESOR
  3  GROUP BY D;

D                                                            COUNT(DISTINCTDNI) 
------------------------------------------------------------ ------------------ 
ESTADISTICA, INVESTIGACION OPERATIVA Y COMPUTACION                            9 
ASTROFISICA                                                                   1 
ANALISIS MATEMATICO                                                           4 
MATEMATICA FUNDAMENTAL                                                        1 

SQL> SET LINESIZE 130
SQL> SET PAGEESIZE 130
SP2-0158: unknown SET option "PAGEESIZE"
SQL> SET PAGESIZE 130
SQL> SELECT D, COUNT(DISTINCT DNI)
  2  FROM DEPARTAMENTO NATURAL JOIN AREA NATURAL JOIN PROFESOR
  3  GROUP BY D;

D                                                            COUNT(DISTINCTDNI)                                                   
------------------------------------------------------------ ------------------                                                   
ESTADISTICA, INVESTIGACION OPERATIVA Y COMPUTACION                            9                                                   
ASTROFISICA                                                                   1                                                   
ANALISIS MATEMATICO                                                           4                                                   
MATEMATICA FUNDAMENTAL                                                        1                                                   

SQL> SELECT D, COUNT(DISTINCT DNI) "N PROFESORES"
  2  FROM DEPARTAMENTO NATURAL JOIN AREA NATURAL JOIN PROFESOR
  3  GROUP BY D;

D                                                            N PROFESORES                                                         
------------------------------------------------------------ ------------                                                         
ESTADISTICA, INVESTIGACION OPERATIVA Y COMPUTACION                      9                                                         
ASTROFISICA                                                             1                                                         
ANALISIS MATEMATICO                                                     4                                                         
MATEMATICA FUNDAMENTAL                                                  1                                                         

SQL> SELECT CD, COUNT(DISTINCT DNI) "N PROFESORES"
  2  FROM AREA NATURAL JOIN PROFESOR
  3  GROUP BY CD;

        CD N PROFESORES                                                                                                           
---------- ------------                                                                                                           
         1            4                                                                                                           
         2            1                                                                                                           
         4            1                                                                                                           
         3            9                                                                                                           

SQL> SELECT CD, COUNT(DNI) "N PROFESORES"
  2  FROM AREA NATURAL JOIN PROFESOR
  3  GROUP BY CD;

        CD N PROFESORES                                                                                                           
---------- ------------                                                                                                           
         1            4                                                                                                           
         2            1                                                                                                           
         4            1                                                                                                           
         3            9                                                                                                           

SQL> SELECT CD, COUNT(*) "N PROFESORES"
  2  FROM AREA NATURAL JOIN PROFESOR
  3  GROUP BY CD;

        CD N PROFESORES                                                                                                           
---------- ------------                                                                                                           
         1            4                                                                                                           
         2            1                                                                                                           
         4            1                                                                                                           
         3            9                                                                                                           

SQL> INSERT INTO DEPARTAMENTO
  2  VALUES(5,'XXXXX');

1 row created.

SQL> SELECT *
  2  FROM DEPARTAMENTO
  3  ;

        CD D                                                                                                                      
---------- ------------------------------------------------------------                                                           
         5 XXXXX                                                                                                                  
         1 ANALISIS MATEMATICO                                                                                                    
         2 ASTROFISICA                                                                                                            
         3 ESTADISTICA, INVESTIGACION OPERATIVA Y COMPUTACION                                                                     
         4 MATEMATICA FUNDAMENTAL                                                                                                 

SQL> SELECT CD, COUNT(*) "N PROFESORES"
  2  FROM AREA NATURAL JOIN PROFESOR
  3  GROUP BY CD;

        CD N PROFESORES                                                                                                           
---------- ------------                                                                                                           
         1            4                                                                                                           
         2            1                                                                                                           
         4            1                                                                                                           
         3            9                                                                                                           

SQL> SELECT CD, COUNT(*) "N PROFESORES"
  2  FROM DEPARTAMENTO NATURAL JOIN AREA NATURAL JOIN PROFESOR
  3  GROUP BY CD;

        CD N PROFESORES                                                                                                           
---------- ------------                                                                                                           
         1            4                                                                                                           
         2            1                                                                                                           
         4            1                                                                                                           
         3            9                                                                                                           

SQL> SELECT CD, COUNT(*) "N PROFESORES"
  2  FROM (DEPARTAMENTO LEFT JOIN AREA USING (CD))NATURAL JOIN PROFESOR
  3  GROUP BY CD;

        CD N PROFESORES                                                                                                           
---------- ------------                                                                                                           
         1           45                                                                                                           
         2           15                                                                                                           
         3           45                                                                                                           
         4           15                                                                                                           
         5           15                                                                                                           

SQL> SELECT CD, COUNT(DNI) "N PROFESORES"
  2  FROM (DEPARTAMENTO LEFT JOIN AREA USING (CD))NATURAL JOIN PROFESOR
  3  GROUP BY CD;

        CD N PROFESORES                                                                                                           
---------- ------------                                                                                                           
         1           45                                                                                                           
         2           15                                                                                                           
         3           45                                                                                                           
         4           15                                                                                                           
         5           15                                                                                                           

SQL> SELECT CD, COUNT(DISTINCT DNI) "N PROFESORES"
  2  FROM (DEPARTAMENTO LEFT JOIN AREA USING (CD))NATURAL JOIN PROFESOR
  3  GROUP BY CD;

        CD N PROFESORES                                                                                                           
---------- ------------                                                                                                           
         1           15                                                                                                           
         2           15                                                                                                           
         4           15                                                                                                           
         5           15                                                                                                           
         3           15                                                                                                           

SQL> SELECT *
  2  FROM (DEPARTAMENTO LEFT JOIN AREA USING (CD))NATURAL JOIN PROFESOR
  3  ;

       CAR         CD D                                                                                                           
---------- ---------- ------------------------------------------------------------                                                
AR                                                                  DNI                                                           
------------------------------------------------------------ ----------                                                           
P                                                            CAT                                                                  
------------------------------------------------------------ -----                                                                
         7          3 ESTADISTICA, INVESTIGACION OPERATIVA Y COMPUTACION                                                          
LENGUAJES Y SISTEMAS INFORMATICOS                                  9090                                                           
LUIS                                                         TU                                                                   
                                                                                                                                  
         6          3 ESTADISTICA, INVESTIGACION OPERATIVA Y COMPUTACION                                                          
ESTADISTICA E INVESTIGACION OPERATIVA                              1111                                                           
JUAN                                                         CU                                                                   
                                                                                                                                  
         7          3 ESTADISTICA, INVESTIGACION OPERATIVA Y COMPUTACION                                                          
LENGUAJES Y SISTEMAS INFORMATICOS                                  2222                                                           
CARLOS                                                       TU                                                                   
                                                                                                                                  
         4          3 ESTADISTICA, INVESTIGACION OPERATIVA Y COMPUTACION                                                          
CIENCIAS DE LA COMPUTACION E INTELIGENCIA ARTIFICIAL               3333                                                           
PEDRO                                                        TEU                                                                  
                                                                                                                                  
         7          3 ESTADISTICA, INVESTIGACION OPERATIVA Y COMPUTACION                                                          
LENGUAJES Y SISTEMAS INFORMATICOS                                  4444                                                           
MARIA                                                        TU                                                                   
                                                                                                                                  
         1          4 MATEMATICA FUNDAMENTAL                                                                                      
ALGEBRA                                                            5555                                                           
IVAN                                                         CEU                                                                  
                                                                                                                                  
         3          2 ASTROFISICA                                                                                                 
ASTRONOMIA Y ASTROFISICA                                           6666                                                           
CARMEN                                                       CD                                                                   
                                                                                                                                  
         2          1 ANALISIS MATEMATICO                                                                                         
ANALISIS MATEMATICO                                                7777                                                           
MARIO                                                        TU                                                                   
                                                                                                                                  
         5          1 ANALISIS MATEMATICO                                                                                         
DIDACTICA DE LA MATEMATICA                                         8888                                                           
FRANCISCO                                                    TU                                                                   
                                                                                                                                  
         8          1 ANALISIS MATEMATICO                                                                                         
MATEMATICA APLICADA                                                9999                                                           
ANGELA                                                       TEU                                                                  
                                                                                                                                  
         4          3 ESTADISTICA, INVESTIGACION OPERATIVA Y COMPUTACION                                                          
CIENCIAS DE LA COMPUTACION E INTELIGENCIA ARTIFICIAL               1010                                                           
DAVID                                                        TU                                                                   
                                                                                                                                  
         7          3 ESTADISTICA, INVESTIGACION OPERATIVA Y COMPUTACION                                                          
LENGUAJES Y SISTEMAS INFORMATICOS                                  2020                                                           
SOLEDAD                                                      CU                                                                   
                                                                                                                                  
         6          3 ESTADISTICA, INVESTIGACION OPERATIVA Y COMPUTACION                                                          
ESTADISTICA E INVESTIGACION OPERATIVA                              3030                                                           
JOSE MANUEL                                                  TEU                                                                  
                                                                                                                                  
         7          3 ESTADISTICA, INVESTIGACION OPERATIVA Y COMPUTACION                                                          
LENGUAJES Y SISTEMAS INFORMATICOS                                  4040                                                           
CARMELO                                                      TU                                                                   
                                                                                                                                  
         8          1 ANALISIS MATEMATICO                                                                                         
MATEMATICA APLICADA                                                5050                                                           
CARINA                                                       CEU                                                                  
                                                                                                                                  

15 rows selected.

SQL> SELECT *
  2  FROM (DEPARTAMENTO LEFT JOIN AREA USING (CD));

        CD D                                                                   CAR                                                
---------- ------------------------------------------------------------ ----------                                                
AR                                                                                                                                
------------------------------------------------------------                                                                      
         1 ANALISIS MATEMATICO                                                   5                                                
DIDACTICA DE LA MATEMATICA                                                                                                        
                                                                                                                                  
         1 ANALISIS MATEMATICO                                                   2                                                
ANALISIS MATEMATICO                                                                                                               
                                                                                                                                  
         1 ANALISIS MATEMATICO                                                   8                                                
MATEMATICA APLICADA                                                                                                               
                                                                                                                                  
         2 ASTROFISICA                                                           3                                                
ASTRONOMIA Y ASTROFISICA                                                                                                          
                                                                                                                                  
         3 ESTADISTICA, INVESTIGACION OPERATIVA Y COMPUTACION                    4                                                
CIENCIAS DE LA COMPUTACION E INTELIGENCIA ARTIFICIAL                                                                              
                                                                                                                                  
         3 ESTADISTICA, INVESTIGACION OPERATIVA Y COMPUTACION                    6                                                
ESTADISTICA E INVESTIGACION OPERATIVA                                                                                             
                                                                                                                                  
         3 ESTADISTICA, INVESTIGACION OPERATIVA Y COMPUTACION                    7                                                
LENGUAJES Y SISTEMAS INFORMATICOS                                                                                                 
                                                                                                                                  
         4 MATEMATICA FUNDAMENTAL                                                1                                                
ALGEBRA                                                                                                                           
                                                                                                                                  
         5 XXXXX                                                                                                                  
                                                                                                                                  
                                                                                                                                  

9 rows selected.

SQL> SET LINESIZE 300
SQL> SELECT *
  2  FROM (DEPARTAMENTO LEFT JOIN AREA USING (CD));

        CD D                                                                   CAR AR                                                                                                                                                                                                                       
---------- ------------------------------------------------------------ ---------- ------------------------------------------------------------                                                                                                                                                             
         1 ANALISIS MATEMATICO                                                   5 DIDACTICA DE LA MATEMATICA                                                                                                                                                                                               
         1 ANALISIS MATEMATICO                                                   2 ANALISIS MATEMATICO                                                                                                                                                                                                      
         1 ANALISIS MATEMATICO                                                   8 MATEMATICA APLICADA                                                                                                                                                                                                      
         2 ASTROFISICA                                                           3 ASTRONOMIA Y ASTROFISICA                                                                                                                                                                                                 
         3 ESTADISTICA, INVESTIGACION OPERATIVA Y COMPUTACION                    4 CIENCIAS DE LA COMPUTACION E INTELIGENCIA ARTIFICIAL                                                                                                                                                                     
         3 ESTADISTICA, INVESTIGACION OPERATIVA Y COMPUTACION                    6 ESTADISTICA E INVESTIGACION OPERATIVA                                                                                                                                                                                    
         3 ESTADISTICA, INVESTIGACION OPERATIVA Y COMPUTACION                    7 LENGUAJES Y SISTEMAS INFORMATICOS                                                                                                                                                                                        
         4 MATEMATICA FUNDAMENTAL                                                1 ALGEBRA                                                                                                                                                                                                                  
         5 XXXXX                                                                                                                                                                                                                                                                                            

9 rows selected.

SQL> SELECT *
  2  FROM (DEPARTAMENTO LEFT JOIN AREA USING (CD))NATURAL JOIN PROFESOR;

       CAR         CD D                                                            AR                                                                  DNI P                                                            CAT                                                                                 
---------- ---------- ------------------------------------------------------------ ------------------------------------------------------------ ---------- ------------------------------------------------------------ -----                                                                               
         7          3 ESTADISTICA, INVESTIGACION OPERATIVA Y COMPUTACION           LENGUAJES Y SISTEMAS INFORMATICOS                                  9090 LUIS                                                         TU                                                                                  
         6          3 ESTADISTICA, INVESTIGACION OPERATIVA Y COMPUTACION           ESTADISTICA E INVESTIGACION OPERATIVA                              1111 JUAN                                                         CU                                                                                  
         7          3 ESTADISTICA, INVESTIGACION OPERATIVA Y COMPUTACION           LENGUAJES Y SISTEMAS INFORMATICOS                                  2222 CARLOS                                                       TU                                                                                  
         4          3 ESTADISTICA, INVESTIGACION OPERATIVA Y COMPUTACION           CIENCIAS DE LA COMPUTACION E INTELIGENCIA ARTIFICIAL               3333 PEDRO                                                        TEU                                                                                 
         7          3 ESTADISTICA, INVESTIGACION OPERATIVA Y COMPUTACION           LENGUAJES Y SISTEMAS INFORMATICOS                                  4444 MARIA                                                        TU                                                                                  
         1          4 MATEMATICA FUNDAMENTAL                                       ALGEBRA                                                            5555 IVAN                                                         CEU                                                                                 
         3          2 ASTROFISICA                                                  ASTRONOMIA Y ASTROFISICA                                           6666 CARMEN                                                       CD                                                                                  
         2          1 ANALISIS MATEMATICO                                          ANALISIS MATEMATICO                                                7777 MARIO                                                        TU                                                                                  
         5          1 ANALISIS MATEMATICO                                          DIDACTICA DE LA MATEMATICA                                         8888 FRANCISCO                                                    TU                                                                                  
         8          1 ANALISIS MATEMATICO                                          MATEMATICA APLICADA                                                9999 ANGELA                                                       TEU                                                                                 
         4          3 ESTADISTICA, INVESTIGACION OPERATIVA Y COMPUTACION           CIENCIAS DE LA COMPUTACION E INTELIGENCIA ARTIFICIAL               1010 DAVID                                                        TU                                                                                  
         7          3 ESTADISTICA, INVESTIGACION OPERATIVA Y COMPUTACION           LENGUAJES Y SISTEMAS INFORMATICOS                                  2020 SOLEDAD                                                      CU                                                                                  
         6          3 ESTADISTICA, INVESTIGACION OPERATIVA Y COMPUTACION           ESTADISTICA E INVESTIGACION OPERATIVA                              3030 JOSE MANUEL                                                  TEU                                                                                 
         7          3 ESTADISTICA, INVESTIGACION OPERATIVA Y COMPUTACION           LENGUAJES Y SISTEMAS INFORMATICOS                                  4040 CARMELO                                                      TU                                                                                  
         8          1 ANALISIS MATEMATICO                                          MATEMATICA APLICADA                                                5050 CARINA                                                       CEU                                                                                 

15 rows selected.

SQL> SELECT CD, COUNT(DNI) "N PROFESORES"
  2  FROM (DEPARTAMENTO LEFT JOIN AREA LEFT JOIN PROFESOR USING (CD))
  3  GROUP BY CD;
FROM (DEPARTAMENTO LEFT JOIN AREA LEFT JOIN PROFESOR USING (CD))
                                                               *
ERROR at line 2:
ORA-00905: missing keyword 


SQL> SELECT CD, COUNT(DNI) "N PROFESORES"
  2  FROM DEPARTAMENTO LEFT JOIN AREA LEFT JOIN PROFESOR USING (CD)
  3  GROUP BY CD;
GROUP BY CD
*
ERROR at line 3:
ORA-00905: missing keyword 


SQL> SELECT CD, COUNT(DNI) "N PROFESORES"
  2  FROM (DEPARTAMENTO LEFT JOIN AREA USING (CD))LEFT JOIN PROFESOR USING (CD)
  3  GROUP BY CD;
FROM (DEPARTAMENTO LEFT JOIN AREA USING (CD))LEFT JOIN PROFESOR USING (CD)
                                                                       *
ERROR at line 2:
ORA-00904: "PROFESOR"."CD": invalid identifier 


SQL> SELECT CD, COUNT(DNI) "N PROFESORES"
  2  FROM (DEPARTAMENTO LEFT JOIN AREA USING (CD))LEFT JOIN PROFESOR USING (CAR)
  3  GROUP BY CD;

        CD N PROFESORES                                                                                                                                                                                                                                                                                     
---------- ------------                                                                                                                                                                                                                                                                                     
         1            4                                                                                                                                                                                                                                                                                     
         2            1                                                                                                                                                                                                                                                                                     
         4            1                                                                                                                                                                                                                                                                                     
         5            0                                                                                                                                                                                                                                                                                     
         3            9                                                                                                                                                                                                                                                                                     

SQL> SELECT CD, COUNT(*) "N PROFESORES"
  2  FROM (DEPARTAMENTO LEFT JOIN AREA USING (CD))LEFT JOIN PROFESOR USING (CAR)
  3  GROUP BY CD;

        CD N PROFESORES                                                                                                                                                                                                                                                                                     
---------- ------------                                                                                                                                                                                                                                                                                     
         1            4                                                                                                                                                                                                                                                                                     
         2            1                                                                                                                                                                                                                                                                                     
         4            1                                                                                                                                                                                                                                                                                     
         5            1                                                                                                                                                                                                                                                                                     
         3            9                                                                                                                                                                                                                                                                                     

SQL> SELECT CD, COUNT(DNI) "N PROFESORES"
  2  FROM (DEPARTAMENTO LEFT JOIN AREA USING (CD))LEFT JOIN PROFESOR USING (CAR)
  3  GROUP BY CD;

        CD N PROFESORES                                                                                                                                                                                                                                                                                     
---------- ------------                                                                                                                                                                                                                                                                                     
         1            4                                                                                                                                                                                                                                                                                     
         2            1                                                                                                                                                                                                                                                                                     
         4            1                                                                                                                                                                                                                                                                                     
         5            0                                                                                                                                                                                                                                                                                     
         3            9                                                                                                                                                                                                                                                                                     

SQL> SELECT CD, DNI
  2  FROM (DEPARTAMENTO LEFT JOIN AREA USING (CD)) NATURAL JOIN PROFESOR;

        CD        DNI                                                                                                                                                                                                                                                                                       
---------- ----------                                                                                                                                                                                                                                                                                       
         4       1010                                                                                                                                                                                                                                                                                       
         4       1111                                                                                                                                                                                                                                                                                       
         4       2020                                                                                                                                                                                                                                                                                       
         4       2222                                                                                                                                                                                                                                                                                       
         4       3030                                                                                                                                                                                                                                                                                       
         4       3333                                                                                                                                                                                                                                                                                       
         4       4040                                                                                                                                                                                                                                                                                       
         4       4444                                                                                                                                                                                                                                                                                       
         4       5050                                                                                                                                                                                                                                                                                       
         4       5555                                                                                                                                                                                                                                                                                       
         4       6666                                                                                                                                                                                                                                                                                       
         4       7777                                                                                                                                                                                                                                                                                       
         4       8888                                                                                                                                                                                                                                                                                       
         4       9090                                                                                                                                                                                                                                                                                       
         4       9999                                                                                                                                                                                                                                                                                       
         1       1010                                                                                                                                                                                                                                                                                       
         1       1111                                                                                                                                                                                                                                                                                       
         1       2020                                                                                                                                                                                                                                                                                       
         1       2222                                                                                                                                                                                                                                                                                       
         1       3030                                                                                                                                                                                                                                                                                       
         1       3333                                                                                                                                                                                                                                                                                       
         1       4040                                                                                                                                                                                                                                                                                       
         1       4444                                                                                                                                                                                                                                                                                       
         1       5050                                                                                                                                                                                                                                                                                       
         1       5555                                                                                                                                                                                                                                                                                       
         1       6666                                                                                                                                                                                                                                                                                       
         1       7777                                                                                                                                                                                                                                                                                       
         1       8888                                                                                                                                                                                                                                                                                       
         1       9090                                                                                                                                                                                                                                                                                       
         1       9999                                                                                                                                                                                                                                                                                       
         2       1010                                                                                                                                                                                                                                                                                       
         2       1111                                                                                                                                                                                                                                                                                       
         2       2020                                                                                                                                                                                                                                                                                       
         2       2222                                                                                                                                                                                                                                                                                       
         2       3030                                                                                                                                                                                                                                                                                       
         2       3333                                                                                                                                                                                                                                                                                       
         2       4040                                                                                                                                                                                                                                                                                       
         2       4444                                                                                                                                                                                                                                                                                       
         2       5050                                                                                                                                                                                                                                                                                       
         2       5555                                                                                                                                                                                                                                                                                       
         2       6666                                                                                                                                                                                                                                                                                       
         2       7777                                                                                                                                                                                                                                                                                       
         2       8888                                                                                                                                                                                                                                                                                       
         2       9090                                                                                                                                                                                                                                                                                       
         2       9999                                                                                                                                                                                                                                                                                       
         3       1010                                                                                                                                                                                                                                                                                       
         3       1111                                                                                                                                                                                                                                                                                       
         3       2020                                                                                                                                                                                                                                                                                       
         3       2222                                                                                                                                                                                                                                                                                       
         3       3030                                                                                                                                                                                                                                                                                       
         3       3333                                                                                                                                                                                                                                                                                       
         3       4040                                                                                                                                                                                                                                                                                       
         3       4444                                                                                                                                                                                                                                                                                       
         3       5050                                                                                                                                                                                                                                                                                       
         3       5555                                                                                                                                                                                                                                                                                       
         3       6666                                                                                                                                                                                                                                                                                       
         3       7777                                                                                                                                                                                                                                                                                       
         3       8888                                                                                                                                                                                                                                                                                       
         3       9090                                                                                                                                                                                                                                                                                       
         3       9999                                                                                                                                                                                                                                                                                       
         1       1010                                                                                                                                                                                                                                                                                       
         1       1111                                                                                                                                                                                                                                                                                       
         1       2020                                                                                                                                                                                                                                                                                       
         1       2222                                                                                                                                                                                                                                                                                       
         1       3030                                                                                                                                                                                                                                                                                       
         1       3333                                                                                                                                                                                                                                                                                       
         1       4040                                                                                                                                                                                                                                                                                       
         1       4444                                                                                                                                                                                                                                                                                       
         1       5050                                                                                                                                                                                                                                                                                       
         1       5555                                                                                                                                                                                                                                                                                       
         1       6666                                                                                                                                                                                                                                                                                       
         1       7777                                                                                                                                                                                                                                                                                       
         1       8888                                                                                                                                                                                                                                                                                       
         1       9090                                                                                                                                                                                                                                                                                       
         1       9999                                                                                                                                                                                                                                                                                       
         3       1010                                                                                                                                                                                                                                                                                       
         3       1111                                                                                                                                                                                                                                                                                       
         3       2020                                                                                                                                                                                                                                                                                       
         3       2222                                                                                                                                                                                                                                                                                       
         3       3030                                                                                                                                                                                                                                                                                       
         3       3333                                                                                                                                                                                                                                                                                       
         3       4040                                                                                                                                                                                                                                                                                       
         3       4444                                                                                                                                                                                                                                                                                       
         3       5050                                                                                                                                                                                                                                                                                       
         3       5555                                                                                                                                                                                                                                                                                       
         3       6666                                                                                                                                                                                                                                                                                       
         3       7777                                                                                                                                                                                                                                                                                       
         3       8888                                                                                                                                                                                                                                                                                       
         3       9090                                                                                                                                                                                                                                                                                       
         3       9999                                                                                                                                                                                                                                                                                       
         3       1010                                                                                                                                                                                                                                                                                       
         3       1111                                                                                                                                                                                                                                                                                       
         3       2020                                                                                                                                                                                                                                                                                       
         3       2222                                                                                                                                                                                                                                                                                       
         3       3030                                                                                                                                                                                                                                                                                       
         3       3333                                                                                                                                                                                                                                                                                       
         3       4040                                                                                                                                                                                                                                                                                       
         3       4444                                                                                                                                                                                                                                                                                       
         3       5050                                                                                                                                                                                                                                                                                       
         3       5555                                                                                                                                                                                                                                                                                       
         3       6666                                                                                                                                                                                                                                                                                       
         3       7777                                                                                                                                                                                                                                                                                       
         3       8888                                                                                                                                                                                                                                                                                       
         3       9090                                                                                                                                                                                                                                                                                       
         3       9999                                                                                                                                                                                                                                                                                       
         1       1010                                                                                                                                                                                                                                                                                       
         1       1111                                                                                                                                                                                                                                                                                       
         1       2020                                                                                                                                                                                                                                                                                       
         1       2222                                                                                                                                                                                                                                                                                       
         1       3030                                                                                                                                                                                                                                                                                       
         1       3333                                                                                                                                                                                                                                                                                       
         1       4040                                                                                                                                                                                                                                                                                       
         1       4444                                                                                                                                                                                                                                                                                       
         1       5050                                                                                                                                                                                                                                                                                       
         1       5555                                                                                                                                                                                                                                                                                       
         1       6666                                                                                                                                                                                                                                                                                       
         1       7777                                                                                                                                                                                                                                                                                       
         1       8888                                                                                                                                                                                                                                                                                       
         1       9090                                                                                                                                                                                                                                                                                       
         1       9999                                                                                                                                                                                                                                                                                       
         5       1010                                                                                                                                                                                                                                                                                       
         5       1111                                                                                                                                                                                                                                                                                       
         5       2020                                                                                                                                                                                                                                                                                       
         5       2222                                                                                                                                                                                                                                                                                       
         5       3030                                                                                                                                                                                                                                                                                       
         5       3333                                                                                                                                                                                                                                                                                       
         5       4040                                                                                                                                                                                                                                                                                       

        CD        DNI                                                                                                                                                                                                                                                                                       
---------- ----------                                                                                                                                                                                                                                                                                       
         5       4444                                                                                                                                                                                                                                                                                       
         5       5050                                                                                                                                                                                                                                                                                       
         5       5555                                                                                                                                                                                                                                                                                       
         5       6666                                                                                                                                                                                                                                                                                       
         5       7777                                                                                                                                                                                                                                                                                       
         5       8888                                                                                                                                                                                                                                                                                       
         5       9090                                                                                                                                                                                                                                                                                       
         5       9999                                                                                                                                                                                                                                                                                       

135 rows selected.

SQL> SELECT CD, CAR, DNI
  2  FROM (DEPARTAMENTO LEFT JOIN AREA USING (CD)) NATURAL JOIN PROFESOR
  3  ORDER BY CD, CAR, DNI;

        CD        CAR        DNI                                                                                                                                                                                                                                                                            
---------- ---------- ----------                                                                                                                                                                                                                                                                            
         1          2       7777                                                                                                                                                                                                                                                                            
         1          5       8888                                                                                                                                                                                                                                                                            
         1          8       5050                                                                                                                                                                                                                                                                            
         1          8       9999                                                                                                                                                                                                                                                                            
         2          3       6666                                                                                                                                                                                                                                                                            
         3          4       1010                                                                                                                                                                                                                                                                            
         3          4       3333                                                                                                                                                                                                                                                                            
         3          6       1111                                                                                                                                                                                                                                                                            
         3          6       3030                                                                                                                                                                                                                                                                            
         3          7       2020                                                                                                                                                                                                                                                                            
         3          7       2222                                                                                                                                                                                                                                                                            
         3          7       4040                                                                                                                                                                                                                                                                            
         3          7       4444                                                                                                                                                                                                                                                                            
         3          7       9090                                                                                                                                                                                                                                                                            
         4          1       5555                                                                                                                                                                                                                                                                            

15 rows selected.

SQL> SELECT CD, CAR, DNI
  2  FROM (DEPARTAMENTO LEFT JOIN AREA USING (CD)) NATURAL JOIN PROFESOR
  3  
SQL> SELECT *
  2  FROM (DEPARTAMENTO LEFT JOIN AREA USING (CD))
  3  ORDER BY CD;

        CD D                                                                   CAR AR                                                                                                                                                                                                                       
---------- ------------------------------------------------------------ ---------- ------------------------------------------------------------                                                                                                                                                             
         1 ANALISIS MATEMATICO                                                   5 DIDACTICA DE LA MATEMATICA                                                                                                                                                                                               
         1 ANALISIS MATEMATICO                                                   2 ANALISIS MATEMATICO                                                                                                                                                                                                      
         1 ANALISIS MATEMATICO                                                   8 MATEMATICA APLICADA                                                                                                                                                                                                      
         2 ASTROFISICA                                                           3 ASTRONOMIA Y ASTROFISICA                                                                                                                                                                                                 
         3 ESTADISTICA, INVESTIGACION OPERATIVA Y COMPUTACION                    4 CIENCIAS DE LA COMPUTACION E INTELIGENCIA ARTIFICIAL                                                                                                                                                                     
         3 ESTADISTICA, INVESTIGACION OPERATIVA Y COMPUTACION                    6 ESTADISTICA E INVESTIGACION OPERATIVA                                                                                                                                                                                    
         3 ESTADISTICA, INVESTIGACION OPERATIVA Y COMPUTACION                    7 LENGUAJES Y SISTEMAS INFORMATICOS                                                                                                                                                                                        
         4 MATEMATICA FUNDAMENTAL                                                1 ALGEBRA                                                                                                                                                                                                                  
         5 XXXXX                                                                                                                                                                                                                                                                                            

9 rows selected.

SQL> SELECT CD, CAR
  2  FROM (DEPARTAMENTO LEFT JOIN AREA USING (CD))
  3  ORDER BY CD;

        CD        CAR                                                                                                                                                                                                                                                                                       
---------- ----------                                                                                                                                                                                                                                                                                       
         1          5                                                                                                                                                                                                                                                                                       
         1          2                                                                                                                                                                                                                                                                                       
         1          8                                                                                                                                                                                                                                                                                       
         2          3                                                                                                                                                                                                                                                                                       
         3          4                                                                                                                                                                                                                                                                                       
         3          6                                                                                                                                                                                                                                                                                       
         3          7                                                                                                                                                                                                                                                                                       
         4          1                                                                                                                                                                                                                                                                                       
         5                                                                                                                                                                                                                                                                                                  

9 rows selected.

SQL> SELECT CD, CAR, DNI
  2  FROM (DEPARTAMENTO LEFT JOIN AREA USING (CD)) NATURAL JOIN PROFESOR
  3  ORDER BY CD;

        CD        CAR        DNI                                                                                                                                                                                                                                                                            
---------- ---------- ----------                                                                                                                                                                                                                                                                            
         1          2       7777                                                                                                                                                                                                                                                                            
         1          8       5050                                                                                                                                                                                                                                                                            
         1          5       8888                                                                                                                                                                                                                                                                            
         1          8       9999                                                                                                                                                                                                                                                                            
         2          3       6666                                                                                                                                                                                                                                                                            
         3          7       4444                                                                                                                                                                                                                                                                            
         3          6       1111                                                                                                                                                                                                                                                                            
         3          6       3030                                                                                                                                                                                                                                                                            
         3          7       9090                                                                                                                                                                                                                                                                            
         3          7       4040                                                                                                                                                                                                                                                                            
         3          4       1010                                                                                                                                                                                                                                                                            
         3          4       3333                                                                                                                                                                                                                                                                            
         3          7       2020                                                                                                                                                                                                                                                                            
         3          7       2222                                                                                                                                                                                                                                                                            
         4          1       5555                                                                                                                                                                                                                                                                            

15 rows selected.

SQL> SELECT CD, CAR
  2  FROM (DEPARTAMENTO LEFT JOIN AREA USING (CD)) NATURAL JOIN PROFESOR
  3  ORDER BY CD;

        CD        CAR                                                                                                                                                                                                                                                                                       
---------- ----------                                                                                                                                                                                                                                                                                       
         1          2                                                                                                                                                                                                                                                                                       
         1          8                                                                                                                                                                                                                                                                                       
         1          5                                                                                                                                                                                                                                                                                       
         1          8                                                                                                                                                                                                                                                                                       
         2          3                                                                                                                                                                                                                                                                                       
         3          7                                                                                                                                                                                                                                                                                       
         3          6                                                                                                                                                                                                                                                                                       
         3          6                                                                                                                                                                                                                                                                                       
         3          7                                                                                                                                                                                                                                                                                       
         3          7                                                                                                                                                                                                                                                                                       
         3          4                                                                                                                                                                                                                                                                                       
         3          4                                                                                                                                                                                                                                                                                       
         3          7                                                                                                                                                                                                                                                                                       
         3          7                                                                                                                                                                                                                                                                                       
         4          1                                                                                                                                                                                                                                                                                       

15 rows selected.

SQL> SELECT *
  2  FROM (DEPARTAMENTO LEFT JOIN AREA USING (CD)) NATURAL JOIN PROFESOR
  3  ORDER BY CD;

       CAR         CD D                                                            AR                                                                  DNI P                                                            CAT                                                                                 
---------- ---------- ------------------------------------------------------------ ------------------------------------------------------------ ---------- ------------------------------------------------------------ -----                                                                               
         5          1 ANALISIS MATEMATICO                                          DIDACTICA DE LA MATEMATICA                                         8888 FRANCISCO                                                    TU                                                                                  
         2          1 ANALISIS MATEMATICO                                          ANALISIS MATEMATICO                                                7777 MARIO                                                        TU                                                                                  
         8          1 ANALISIS MATEMATICO                                          MATEMATICA APLICADA                                                9999 ANGELA                                                       TEU                                                                                 
         8          1 ANALISIS MATEMATICO                                          MATEMATICA APLICADA                                                5050 CARINA                                                       CEU                                                                                 
         3          2 ASTROFISICA                                                  ASTRONOMIA Y ASTROFISICA                                           6666 CARMEN                                                       CD                                                                                  
         7          3 ESTADISTICA, INVESTIGACION OPERATIVA Y COMPUTACION           LENGUAJES Y SISTEMAS INFORMATICOS                                  4444 MARIA                                                        TU                                                                                  
         4          3 ESTADISTICA, INVESTIGACION OPERATIVA Y COMPUTACION           CIENCIAS DE LA COMPUTACION E INTELIGENCIA ARTIFICIAL               3333 PEDRO                                                        TEU                                                                                 
         7          3 ESTADISTICA, INVESTIGACION OPERATIVA Y COMPUTACION           LENGUAJES Y SISTEMAS INFORMATICOS                                  2222 CARLOS                                                       TU                                                                                  
         7          3 ESTADISTICA, INVESTIGACION OPERATIVA Y COMPUTACION           LENGUAJES Y SISTEMAS INFORMATICOS                                  9090 LUIS                                                         TU                                                                                  
         6          3 ESTADISTICA, INVESTIGACION OPERATIVA Y COMPUTACION           ESTADISTICA E INVESTIGACION OPERATIVA                              1111 JUAN                                                         CU                                                                                  
         4          3 ESTADISTICA, INVESTIGACION OPERATIVA Y COMPUTACION           CIENCIAS DE LA COMPUTACION E INTELIGENCIA ARTIFICIAL               1010 DAVID                                                        TU                                                                                  
         7          3 ESTADISTICA, INVESTIGACION OPERATIVA Y COMPUTACION           LENGUAJES Y SISTEMAS INFORMATICOS                                  2020 SOLEDAD                                                      CU                                                                                  
         6          3 ESTADISTICA, INVESTIGACION OPERATIVA Y COMPUTACION           ESTADISTICA E INVESTIGACION OPERATIVA                              3030 JOSE MANUEL                                                  TEU                                                                                 
         7          3 ESTADISTICA, INVESTIGACION OPERATIVA Y COMPUTACION           LENGUAJES Y SISTEMAS INFORMATICOS                                  4040 CARMELO                                                      TU                                                                                  
         1          4 MATEMATICA FUNDAMENTAL                                       ALGEBRA                                                            5555 IVAN                                                         CEU                                                                                 

15 rows selected.

SQL> SELECT *
  2  FROM (DEPARTAMENTO LEFT JOIN AREA USING (CD))LEFT JOIN PROFESOR USING (CAR)
  3  ORDER BY CD;

       CAR         CD D                                                            AR                                                                  DNI P                                                            CAT                                                                                 
---------- ---------- ------------------------------------------------------------ ------------------------------------------------------------ ---------- ------------------------------------------------------------ -----                                                                               
         2          1 ANALISIS MATEMATICO                                          ANALISIS MATEMATICO                                                7777 MARIO                                                        TU                                                                                  
         8          1 ANALISIS MATEMATICO                                          MATEMATICA APLICADA                                                5050 CARINA                                                       CEU                                                                                 
         8          1 ANALISIS MATEMATICO                                          MATEMATICA APLICADA                                                9999 ANGELA                                                       TEU                                                                                 
         5          1 ANALISIS MATEMATICO                                          DIDACTICA DE LA MATEMATICA                                         8888 FRANCISCO                                                    TU                                                                                  
         3          2 ASTROFISICA                                                  ASTRONOMIA Y ASTROFISICA                                           6666 CARMEN                                                       CD                                                                                  
         7          3 ESTADISTICA, INVESTIGACION OPERATIVA Y COMPUTACION           LENGUAJES Y SISTEMAS INFORMATICOS                                  4444 MARIA                                                        TU                                                                                  
         7          3 ESTADISTICA, INVESTIGACION OPERATIVA Y COMPUTACION           LENGUAJES Y SISTEMAS INFORMATICOS                                  4040 CARMELO                                                      TU                                                                                  
         6          3 ESTADISTICA, INVESTIGACION OPERATIVA Y COMPUTACION           ESTADISTICA E INVESTIGACION OPERATIVA                              1111 JUAN                                                         CU                                                                                  
         6          3 ESTADISTICA, INVESTIGACION OPERATIVA Y COMPUTACION           ESTADISTICA E INVESTIGACION OPERATIVA                              3030 JOSE MANUEL                                                  TEU                                                                                 
         7          3 ESTADISTICA, INVESTIGACION OPERATIVA Y COMPUTACION           LENGUAJES Y SISTEMAS INFORMATICOS                                  9090 LUIS                                                         TU                                                                                  
         4          3 ESTADISTICA, INVESTIGACION OPERATIVA Y COMPUTACION           CIENCIAS DE LA COMPUTACION E INTELIGENCIA ARTIFICIAL               1010 DAVID                                                        TU                                                                                  
         7          3 ESTADISTICA, INVESTIGACION OPERATIVA Y COMPUTACION           LENGUAJES Y SISTEMAS INFORMATICOS                                  2020 SOLEDAD                                                      CU                                                                                  
         4          3 ESTADISTICA, INVESTIGACION OPERATIVA Y COMPUTACION           CIENCIAS DE LA COMPUTACION E INTELIGENCIA ARTIFICIAL               3333 PEDRO                                                        TEU                                                                                 
         7          3 ESTADISTICA, INVESTIGACION OPERATIVA Y COMPUTACION           LENGUAJES Y SISTEMAS INFORMATICOS                                  2222 CARLOS                                                       TU                                                                                  
         1          4 MATEMATICA FUNDAMENTAL                                       ALGEBRA                                                            5555 IVAN                                                         CEU                                                                                 
                    5 XXXXX                                                                                                                                                                                                                                                                                 

16 rows selected.

SQL> SELECT *
  2  FROM (DEPARTAMENTO LEFT JOIN AREA USING (CD)) NATURAL JOIN PROFESOR
  3  GROUP BY CD;
SELECT *
       *
ERROR at line 1:
ORA-00979: not a GROUP BY expression 


SQL> SELECT CD, COUNT (DNI)
  2  FROM (DEPARTAMENTO LEFT JOIN AREA USING (CD)) NATURAL JOIN PROFESOR
  3  GROUP BY CD;

        CD COUNT(DNI)                                                                                                                                                                                                                                                                                       
---------- ----------                                                                                                                                                                                                                                                                                       
         1         45                                                                                                                                                                                                                                                                                       
         2         15                                                                                                                                                                                                                                                                                       
         3         45                                                                                                                                                                                                                                                                                       
         4         15                                                                                                                                                                                                                                                                                       
         5         15                                                                                                                                                                                                                                                                                       

SQL> ROLL BACK
Rollback complete.
SQL> SELECT CD, AVG(COUNT(DNI))
  2  FROM AREA NATURAL JOIN PROFESOR
  3  GROUP BY CD;
SELECT CD, AVG(COUNT(DNI))
       *
ERROR at line 1:
ORA-00937: not a single-group group function 


SQL> SELECT AVG(COUNT(DNI))
  2  FROM AREA NATURAL JOIN PROFESOR
  3  GROUP BY CD;

AVG(COUNT(DNI))                                                                                                                                                                                                                                                                                             
---------------                                                                                                                                                                                                                                                                                             
           3.75                                                                                                                                                                                                                                                                                             

SQL> SPOOL OFF
